This is LuaHBTeX, Version 1.25.7 (MiKTeX 26.5) (format=lualatex 2026.7.14)  23 JUL 2026 21:04
 restricted system commands enabled.
**main.tex
(./main.tex
LaTeX2e <2026-06-01>
L3 programming layer <2026-06-18>
Lua module: luaotfload 2024-12-03 v3.29 Lua based OpenType font support
Lua module: lualibs 2023-07-13 v2.76 ConTeXt Lua standard libraries.
Lua module: lualibs-extended 2023-07-13 v2.76 ConTeXt Lua libraries -- extended 
collection.
luaotfload | conf : Root cache directory is "C:/Users/Matiu/AppData/Local/MiKTeX
/luatex-cache/generic/names".
luaotfload | init : Loading fontloader "fontloader-2023-12-28.lua" from kpse-res
olved path "C:/Users/Matiu/AppData/Local/Programs/MiKTeX/tex/luatex/luaotfload/f
ontloader-2023-12-28.lua".
Lua-only attribute luaotfload@noligature = 1
luaotfload | init : Context OpenType loader version 3.134
Inserting `luaotfload.node_processor' in `pre_linebreak_filter'.
Inserting `luaotfload.node_processor' in `hpack_filter'.
Inserting `luaotfload.glyph_stream' in `glyph_stream_provider'.
Inserting `luaotfload.define_font' in `define_font'.
Lua-only attribute luaotfload_color_attribute = 2
luaotfload | conf : Root cache directory is "C:/Users/Matiu/AppData/Local/MiKTeX
/luatex-cache/generic/names".
Inserting `luaotfload.harf.strip_prefix' in `find_opentype_file'.
Inserting `luaotfload.harf.strip_prefix' in `find_truetype_file'.
Removing  `luaotfload.glyph_stream' from `glyph_stream_provider'.
Inserting `luaotfload.harf.glyphstream' in `glyph_stream_provider'.
Inserting `luaotfload.harf.finalize_vlist' in `post_linebreak_filter'.
Inserting `luaotfload.harf.finalize_hlist' in `hpack_filter'.
Inserting `luaotfload.cleanup_files' in `wrapup_run'.
Inserting `luaotfload.harf.finalize_unicode' in `finish_pdffile'.
Inserting `luaotfload.glyphinfo' in `glyph_info'.
Lua-only attribute luaotfload.letterspace_done = 3
Inserting `luaotfload.aux.set_sscale_dimens' in `luaotfload.patch_font'.
Inserting `luaotfload.aux.set_font_index' in `luaotfload.patch_font'.
Inserting `luaotfload.aux.patch_cambria_domh' in `luaotfload.patch_font'.
Inserting `luaotfload.aux.fixup_fontdata' in `luaotfload.patch_font_unsafe'.
Inserting `luaotfload.aux.set_capheight' in `luaotfload.patch_font'.
Inserting `luaotfload.aux.set_xheight' in `luaotfload.patch_font'.
Inserting `luaotfload.rewrite_fontname' in `luaotfload.patch_font'.
Inserting `tracingstacklevels' in `input_level_string'. (C:/Users/Matiu/AppData
/Local/Programs/MiKTeX/tex/latex/base/book.cls
Document Class: book 2025/01/22 v1.4n Standard LaTeX document class
(C:/Users/Matiu/AppData/Local/Programs/MiKTeX/tex/latex/base/bk12.clo
File: bk12.clo 2025/01/22 v1.4n Standard LaTeX file (size option)
luaotfload | db : Font names database loaded from C:/Users/Matiu/AppData/Local/M
iKTeX/luatex-cache/generic/names/luaotfload-names.luc.gz)
\c@part=\count274
\c@chapter=\count275
\c@section=\count276
\c@subsection=\count277
\c@subsubsection=\count278
\c@paragraph=\count279
\c@subparagraph=\count280
\c@figure=\count281
\c@table=\count282
\abovecaptionskip=\skip49
\belowcaptionskip=\skip50
\bibindent=\dimen149
)
(C:/Users/Matiu/AppData/Local/Programs/MiKTeX/tex/latex/base/inputenc.sty
Package: inputenc 2024/02/08 v1.3d Input encoding file
\inpenc@prehook=\toks17
\inpenc@posthook=\toks18


Package inputenc Warning: inputenc package ignored with utf8 based engines.

) (C:/Users/Matiu/AppData/Local/Programs/MiKTeX/tex/latex/base/fontenc.sty
Package: fontenc 2025/07/18 v2.1d Standard LaTeX package
LaTeX Font Info:    Trying to load font information for T1+lmr on input line 11
6.

(C:/Users/Matiu/AppData/Local/Programs/MiKTeX/tex/latex/lm/t1lmr.fd
File: t1lmr.fd 2015/05/01 v1.6.1 Font defs for Latin Modern
))
(C:/Users/Matiu/AppData/Local/Programs/MiKTeX/tex/generic/babel/babel.sty
Package: babel 2026/06/14 v26.9 The multilingual framework for LuaLaTeX, pdfLaT
eX and XeLaTeX

(C:/Users/Matiu/AppData/Local/Programs/MiKTeX/tex/generic/babel/luababel.def
\bbl@readstream=\read2
\l@afrikaans=\language2
Package babel Info: Non-standard hyphenation setup on input line 118.
\l@ancientgreek=\language3
\l@armenian=\language4
\l@assamese=\language5
\l@basque=\language6
\l@belarusian=\language7
\l@bengali=\language8
\l@bokmal=\language9
\l@bulgarian=\language10
\l@catalan=\language11
\l@churchslavonic=\language12
\l@classiclatin=\language13
\l@coptic=\language14
\l@croatian=\language15
\l@czech=\language16
\l@danish=\language17
\l@dutch=\language18
\l@esperanto=\language19
\l@estonian=\language20
\l@ethiopic=\language21
\l@finnish=\language22
\l@french=\language23
\l@friulan=\language24
\l@galician=\language25
\l@georgian=\language26
\l@german=\language27
\l@greek=\language28
\l@gujarati=\language29
\l@hindi=\language30
\l@hungarian=\language31
\l@icelandic=\language32
\l@indonesian=\language33
\l@interlingua=\language34
\l@irish=\language35
\l@italian=\language36
\l@kannada=\language37
\l@kurmanji=\language38
\l@latin=\language39
\l@latvian=\language40
\l@lithuanian=\language41
\l@liturgicallatin=\language42
\l@macedonian=\language43
\l@malayalam=\language44
\l@marathi=\language45
\l@mongolian=\language46
\l@mongolianlmc=\language47
\l@monogreek=\language48
\l@ngerman=\language49
\l@nynorsk=\language50
\l@occitan=\language51
\l@oriya=\language52
\l@pali=\language53
\l@panjabi=\language54
\l@piedmontese=\language55
\l@polish=\language56
\l@portuguese=\language57
\l@romanian=\language58
\l@romansh=\language59
\l@russian=\language60
\l@sanskrit=\language61
\l@serbian=\language62
\l@serbianc=\language63
\l@slovak=\language64
\l@slovenian=\language65
\l@spanish=\language66
\l@swedish=\language67
\l@swissgerman=\language68
\l@tamil=\language69
\l@telugu=\language70
\l@thai=\language71
\l@turkish=\language72
\l@turkmen=\language73
\l@ukenglish=\language74
\l@ukrainian=\language75
\l@uppersorbian=\language76
\l@usenglishmax=\language77
\l@welsh=\language78
\babelcatcodetablenum=\catcodetable14
\bbl@pattcodes=\catcodetable15
)
\babel@savecnt=\count283
LaTeX Encoding Info:    Redeclaring text command \ij (encoding OT1) on input li
ne 2084.
LaTeX Encoding Info:    Redeclaring text command \IJ (encoding OT1) on input li
ne 2086.
LaTeX Encoding Info:    Redeclaring text command \ij (encoding T1) on input lin
e 2088.
LaTeX Encoding Info:    Redeclaring text command \IJ (encoding T1) on input lin
e 2089.
LaTeX Encoding Info:    Ignoring declaration for text command \ij (encoding ?) 
on input line 2090.
LaTeX Encoding Info:    Ignoring declaration for text command \IJ (encoding ?) 
on input line 2092.
LaTeX Encoding Info:    Ignoring declaration for text command \SS (encoding ?) 
on input line 2117.
\U@D=\dimen150
\l@unhyphenated=\language79

(C:/Users/Matiu/AppData/Local/Programs/MiKTeX/tex/generic/babel/luababel.def
\bbl@attr@locale=\attribute4
)
Package babel Info: Configuration files are deprecated, as
(babel)             they can break document portability.
(babel)             Reported on input line 4252.

*************************************
* Local config file bblopts.cfg used
*
(C:/Users/Matiu/AppData/Local/Programs/MiKTeX/tex/latex/arabi/bblopts.cfg
File: bblopts.cfg 2005/09/08 v0.1 add Arabic and Farsi to "declared" options of
 babel
)
(C:/Users/Matiu/AppData/Local/Programs/MiKTeX/tex/generic/babel/locale/es/babel
-spanish.tex)
Package babel Info: Importing font and identification data for 'spanish'
(babel)             from babel-es.ini. Reported on input line 4380.

(C:/Users/Matiu/AppData/Local/Programs/MiKTeX/tex/latex/babel-spanish/spanish.l
df
Language: spanish.ldf 2021/05/27 v5.0q Spanish support from the babel system
\es@quottoks=\toks19
\es@quotdepth=\count284

(C:/Users/Matiu/AppData/Local/Programs/MiKTeX/tex/generic/hyph-utf8/loadhyph/lo
adhyph-es.tex UTF-8 Spanish hyphenation patterns
(C:/Users/Matiu/AppData/Local/Programs/MiKTeX/tex/generic/hyph-utf8/patterns/te
x/hyph-es.tex))))
LaTeX Encoding Info:    Redeclaring text command \guillemotleft (encoding OT1) 
on input line 8.
LaTeX Encoding Info:    Redeclaring text command \guillemotright (encoding OT1)
 on input line 8.

(C:/Users/Matiu/AppData/Local/Programs/MiKTeX/tex/latex/amsmath/amsmath.sty
Package: amsmath 2026/05/19 v2.18d AMS math features
\@mathmargin=\skip51

For additional information on amsmath, use the `?' option.
(C:/Users/Matiu/AppData/Local/Programs/MiKTeX/tex/latex/amsmath/amstext.sty
Package: amstext 2024/11/17 v2.01 AMS text

(C:/Users/Matiu/AppData/Local/Programs/MiKTeX/tex/latex/amsmath/amsgen.sty
File: amsgen.sty 1999/11/30 v2.0 generic functions
\@emptytoks=\toks20
\ex@=\dimen151
))
(C:/Users/Matiu/AppData/Local/Programs/MiKTeX/tex/latex/amsmath/amsbsy.sty
Package: amsbsy 1999/11/29 v1.2d Bold Symbols
\pmbraise@=\dimen152
)
(C:/Users/Matiu/AppData/Local/Programs/MiKTeX/tex/latex/amsmath/amsopn.sty
Package: amsopn 2022/04/08 v2.04 operator names
)
\inf@bad=\count285
LaTeX Info: Redefining \frac on input line 235.
\uproot@=\count286
\leftroot@=\count287
LaTeX Info: Redefining \overline on input line 398.
LaTeX Info: Redefining \colon on input line 409.
\classnum@=\count288
\DOTSCASE@=\count289
LaTeX Info: Redefining \ldots on input line 495.
LaTeX Info: Redefining \dots on input line 498.
LaTeX Info: Redefining \cdots on input line 619.
\Mathstrutbox@=\box53
\strutbox@=\box54
LaTeX Info: Redefining \big on input line 721.
LaTeX Info: Redefining \Big on input line 722.
LaTeX Info: Redefining \bigg on input line 723.
LaTeX Info: Redefining \Bigg on input line 724.
\big@size=\dimen153
LaTeX Font Info:    Redeclaring font encoding OML on input line 742.
LaTeX Font Info:    Redeclaring font encoding OMS on input line 743.
\macc@depth=\count290
LaTeX Info: Redefining \bmod on input line 904.
LaTeX Info: Redefining \pmod on input line 909.
LaTeX Info: Redefining \smash on input line 939.
LaTeX Info: Redefining \relbar on input line 969.
LaTeX Info: Redefining \Relbar on input line 970.
\c@MaxMatrixCols=\count291
\dotsspace@=\muskip17
\c@parentequation=\count292
\dspbrk@lvl=\count293
\tag@help=\toks21
\row@=\count294
\column@=\count295
\maxfields@=\count296
\andhelp@=\toks22
\eqnshift@=\dimen154
\alignsep@=\dimen155
\tagshift@=\dimen156
\tagwidth@=\dimen157
\totwidth@=\dimen158
\lineht@=\dimen159
\@envbody=\toks23
\multlinegap=\skip52
\multlinetaggap=\skip53
\mathdisplay@stack=\toks24
LaTeX Info: Redefining \[ on input line 2965.
LaTeX Info: Redefining \] on input line 2966.
)
(C:/Users/Matiu/AppData/Local/Programs/MiKTeX/tex/latex/amsfonts/amssymb.sty
Package: amssymb 2013/01/14 v3.01 AMS font symbols

(C:/Users/Matiu/AppData/Local/Programs/MiKTeX/tex/latex/amsfonts/amsfonts.sty
Package: amsfonts 2013/01/14 v3.01 Basic AMSFonts support
\symAMSa=\mathgroup4
\symAMSb=\mathgroup5
LaTeX Font Info:    Redeclaring math symbol \hbar on input line 98.
LaTeX Font Info:    Overwriting math alphabet `\mathfrak' in version `bold'
(Font)                  U/euf/m/n --> U/euf/b/n on input line 106.
)) (C:/Users/Matiu/AppData/Local/Programs/MiKTeX/tex/latex/amscls/amsthm.sty
Package: amsthm 2020/05/29 v2.20.6
\thm@style=\toks25
\thm@bodyfont=\toks26
\thm@headfont=\toks27
\thm@notefont=\toks28
\thm@headpunct=\toks29
\thm@preskip=\skip54
\thm@postskip=\skip55
\thm@headsep=\skip56
\dth@everypar=\toks30
)
(C:/Users/Matiu/AppData/Local/Programs/MiKTeX/tex/latex/geometry/geometry.sty
Package: geometry 2026/03/07 v6.0 Page Geometry

(C:/Users/Matiu/AppData/Local/Programs/MiKTeX/tex/latex/graphics/keyval.sty
Package: keyval 2026-05-17 v1.15 key=value parser (DPC)
\KV@toks@=\toks31
)
(C:/Users/Matiu/AppData/Local/Programs/MiKTeX/tex/generic/iftex/ifvtex.sty
Package: ifvtex 2019/10/25 v1.7 ifvtex legacy package. Use iftex instead.

(C:/Users/Matiu/AppData/Local/Programs/MiKTeX/tex/generic/iftex/iftex.sty
Package: iftex 2024/12/12 v1.0g TeX engine tests
))
\Gm@cnth=\count297
\Gm@cntv=\count298
\c@Gm@tempcnt=\count299
\Gm@bindingoffset=\dimen160
\Gm@wd@mp=\dimen161
\Gm@odd@mp=\dimen162
\Gm@even@mp=\dimen163
\Gm@layoutwidth=\dimen164
\Gm@layoutheight=\dimen165
\Gm@layouthoffset=\dimen166
\Gm@layoutvoffset=\dimen167
\Gm@dimlist=\toks32

(C:/Users/Matiu/AppData/Local/Programs/MiKTeX/tex/latex/geometry/geometry.cfg)) (C:/Users/Matiu/AppData/Local/Programs/MiKTeX/tex/latex/hyperref/hyperref.sty
Package: hyperref 2026-06-17 v7.01r Hypertext links for LaTeX

(C:/Users/Matiu/AppData/Local/Programs/MiKTeX/tex/latex/kvsetkeys/kvsetkeys.sty
Package: kvsetkeys 2022-10-05 v1.19 Key value parser (HO)
)
(C:/Users/Matiu/AppData/Local/Programs/MiKTeX/tex/generic/kvdefinekeys/kvdefine
keys.sty
Package: kvdefinekeys 2019-12-19 v1.6 Define keys (HO)
)
(C:/Users/Matiu/AppData/Local/Programs/MiKTeX/tex/generic/pdfescape/pdfescape.s
ty
Package: pdfescape 2019/12/09 v1.15 Implements pdfTeX's escape features (HO)

(C:/Users/Matiu/AppData/Local/Programs/MiKTeX/tex/generic/ltxcmds/ltxcmds.sty
Package: ltxcmds 2023-12-04 v1.26 LaTeX kernel commands for general use (HO)
)
(C:/Users/Matiu/AppData/Local/Programs/MiKTeX/tex/generic/pdftexcmds/pdftexcmds
.sty
Package: pdftexcmds 2020-06-27 v0.33 Utility functions of pdfTeX for LuaTeX (HO
)

(C:/Users/Matiu/AppData/Local/Programs/MiKTeX/tex/generic/infwarerr/infwarerr.s
ty
Package: infwarerr 2019/12/03 v1.5 Providing info/warning/error messages (HO)
)
Package pdftexcmds Info: \pdf@primitive is available.
Package pdftexcmds Info: \pdf@ifprimitive is available.
Package pdftexcmds Info: \pdfdraftmode found.
\pdftexcmds@toks=\toks33
))
(C:/Users/Matiu/AppData/Local/Programs/MiKTeX/tex/latex/hycolor/hycolor.sty
Package: hycolor 2020-01-27 v1.10 Color options for hyperref/bookmark (HO)
)
(C:/Users/Matiu/AppData/Local/Programs/MiKTeX/tex/latex/hyperref/nameref.sty
Package: nameref 2026-01-29 v2.58 Cross-referencing by name of section

(C:/Users/Matiu/AppData/Local/Programs/MiKTeX/tex/latex/refcount/refcount.sty
Package: refcount 2019/12/15 v3.6 Data extraction from label references (HO)
)
(C:/Users/Matiu/AppData/Local/Programs/MiKTeX/tex/generic/gettitlestring/gettit
lestring.sty
Package: gettitlestring 2019/12/15 v1.6 Cleanup title references (HO)

(C:/Users/Matiu/AppData/Local/Programs/MiKTeX/tex/latex/kvoptions/kvoptions.sty
Package: kvoptions 2022-06-15 v3.15 Key value format for package options (HO)
))
\c@section@level=\count300
)
(C:/Users/Matiu/AppData/Local/Programs/MiKTeX/tex/latex/etoolbox/etoolbox.sty
Package: etoolbox 2025/10/02 v2.5m e-TeX tools for LaTeX (JAW)
\etb@tempcnta=\count301
)
(C:/Users/Matiu/AppData/Local/Programs/MiKTeX/tex/generic/stringenc/stringenc.s
ty
Package: stringenc 2019/11/29 v1.12 Convert strings between diff. encodings (HO
)
)
\@linkdim=\dimen168
\Hy@linkcounter=\count302
\Hy@pagecounter=\count303
 (C:/Users/Matiu/AppData/Local/Programs/MiKTeX/tex/latex/hyperref/pd1enc.def
File: pd1enc.def 2026-06-17 v7.01r Hyperref: PDFDocEncoding definition (HO)
) (C:/Users/Matiu/AppData/Local/Programs/MiKTeX/tex/generic/intcalc/intcalc.sty
Package: intcalc 2019/12/15 v1.3 Expandable calculations with integers (HO)
)
\Hy@SavedSpaceFactor=\count304
 (C:/Users/Matiu/AppData/Local/Programs/MiKTeX/tex/latex/hyperref/puenc.def
File: puenc.def 2026-06-17 v7.01r Hyperref: PDF Unicode definition (HO)
)
Package hyperref Info: Hyper figures OFF on input line 4199.
Package hyperref Info: Link nesting OFF on input line 4204.
Package hyperref Info: Hyper index ON on input line 4207.
Package hyperref Info: Plain pages OFF on input line 4214.
Package hyperref Info: Backreferencing OFF on input line 4219.
Package hyperref Info: Implicit mode ON; LaTeX internals redefined.
Package hyperref Info: Bookmarks ON on input line 4466.
\c@Hy@tempcnt=\count305

(C:/Users/Matiu/AppData/Local/Programs/MiKTeX/tex/latex/url/url.sty
\Urlmuskip=\muskip18
Package: url 2013/09/16  ver 3.4  Verb mode for urls, etc.
)
LaTeX Info: Redefining \url on input line 4805.
\XeTeXLinkMargin=\dimen169

(C:/Users/Matiu/AppData/Local/Programs/MiKTeX/tex/generic/bitset/bitset.sty
Package: bitset 2019/12/09 v1.3 Handle bit-vector datatype (HO)

(C:/Users/Matiu/AppData/Local/Programs/MiKTeX/tex/generic/bigintcalc/bigintcalc
.sty
Package: bigintcalc 2019/12/15 v1.5 Expandable calculations on big integers (HO
)
))
\Fld@menulength=\count306
\Field@Width=\dimen170
\Fld@charsize=\dimen171
Package hyperref Info: Hyper figures OFF on input line 6091.
Package hyperref Info: Link nesting OFF on input line 6096.
Package hyperref Info: Hyper index ON on input line 6099.
Package hyperref Info: backreferencing OFF on input line 6106.
Package hyperref Info: Link coloring OFF on input line 6111.
Package hyperref Info: Link coloring with OCG OFF on input line 6116.
Package hyperref Info: PDF/A mode OFF on input line 6121.
\Hy@abspage=\count307
\c@Item=\count308
\c@Hfootnote=\count309
)
Package hyperref Info: Driver (autodetected): hluatex.

(C:/Users/Matiu/AppData/Local/Programs/MiKTeX/tex/latex/hyperref/hluatex.def
File: hluatex.def 2026-06-17 v7.01r Hyperref driver for luaTeX
\Fld@listcount=\count310
\c@bookmark@seq@number=\count311

(C:/Users/Matiu/AppData/Local/Programs/MiKTeX/tex/latex/rerunfilecheck/rerunfil
echeck.sty
Package: rerunfilecheck 2025-06-21 v1.11 Rerun checks for auxiliary files (HO)

(C:/Users/Matiu/AppData/Local/Programs/MiKTeX/tex/generic/uniquecounter/uniquec
ounter.sty
Package: uniquecounter 2019/12/15 v1.4 Provide unlimited unique counter (HO)
)
Package uniquecounter Info: New unique counter `rerunfilecheck' on input line 2
84.
)
\Hy@SectionHShift=\skip57
)
(C:/Users/Matiu/AppData/Local/Programs/MiKTeX/tex/latex/xcolor/xcolor.sty
Package: xcolor 2024/09/29 v3.02 LaTeX color extensions (UK)

(C:/Users/Matiu/AppData/Local/Programs/MiKTeX/tex/latex/graphics-cfg/color.cfg
File: color.cfg 2016/01/02 v1.6 sample color configuration
)
Package xcolor Info: Driver file: luatex.def on input line 274.

(C:/Users/Matiu/AppData/Local/Programs/MiKTeX/tex/latex/graphics-def/luatex.def
File: luatex.def 2025/09/29 v1.2f Graphics/color driver for luatex
)
(C:/Users/Matiu/AppData/Local/Programs/MiKTeX/tex/latex/graphics/mathcolor.ltx)
Package xcolor Info: Model `cmy' substituted by `cmy0' on input line 1349.
Package xcolor Info: Model `hsb' substituted by `rgb' on input line 1353.
Package xcolor Info: Model `RGB' extended on input line 1365.
Package xcolor Info: Model `HTML' substituted by `rgb' on input line 1367.
Package xcolor Info: Model `Hsb' substituted by `hsb' on input line 1368.
Package xcolor Info: Model `tHsb' substituted by `hsb' on input line 1369.
Package xcolor Info: Model `HSB' substituted by `hsb' on input line 1370.
Package xcolor Info: Model `Gray' substituted by `gray' on input line 1371.
Package xcolor Info: Model `wave' substituted by `hsb' on input line 1372.
) (C:/Users/Matiu/AppData/Local/Programs/MiKTeX/tex/latex/tools/enumerate.sty
Package: enumerate 2023/07/04 v3.00 enumerate extensions (DPC)
\@enLab=\toks34
)
(C:/Users/Matiu/AppData/Local/Programs/MiKTeX/tex/latex/pgf/frontendlayer/tikz.
sty
(C:/Users/Matiu/AppData/Local/Programs/MiKTeX/tex/latex/pgf/basiclayer/pgf.sty
(C:/Users/Matiu/AppData/Local/Programs/MiKTeX/tex/latex/pgf/utilities/pgfrcs.st
y
(C:/Users/Matiu/AppData/Local/Programs/MiKTeX/tex/generic/pgf/utilities/pgfutil
-common.tex
\pgfutil@everybye=\toks35
\pgfutil@tempdima=\dimen172
\pgfutil@tempdimb=\dimen173
)
(C:/Users/Matiu/AppData/Local/Programs/MiKTeX/tex/generic/pgf/utilities/pgfutil
-latex.def
\pgfutil@abb=\box55
)
(C:/Users/Matiu/AppData/Local/Programs/MiKTeX/tex/generic/pgf/utilities/pgfrcs.
code.tex
(C:/Users/Matiu/AppData/Local/Programs/MiKTeX/tex/generic/pgf/pgf.revision.tex)
Package: pgfrcs 2025-08-29 v3.1.11a (3.1.11a)
))
Package: pgf 2025-08-29 v3.1.11a (3.1.11a)

(C:/Users/Matiu/AppData/Local/Programs/MiKTeX/tex/latex/pgf/basiclayer/pgfcore.
sty
(C:/Users/Matiu/AppData/Local/Programs/MiKTeX/tex/latex/graphics/graphicx.sty
Package: graphicx 2026-05-17 v1.2e Enhanced LaTeX Graphics (DPC,SPQR)

(C:/Users/Matiu/AppData/Local/Programs/MiKTeX/tex/latex/graphics/graphics.sty
Package: graphics 2026-05-17 v1.4h Standard LaTeX Graphics (DPC,SPQR)

(C:/Users/Matiu/AppData/Local/Programs/MiKTeX/tex/latex/graphics/trig.sty
Package: trig 2023/12/02 v1.11 sin cos tan (DPC)
)
(C:/Users/Matiu/AppData/Local/Programs/MiKTeX/tex/latex/graphics-cfg/graphics.c
fg
File: graphics.cfg 2016/06/04 v1.11 sample graphics configuration
)
Package graphics Info: Driver file: luatex.def on input line 106.
)
\Gin@req@height=\dimen174
\Gin@req@width=\dimen175
)
(C:/Users/Matiu/AppData/Local/Programs/MiKTeX/tex/latex/pgf/systemlayer/pgfsys.
sty
(C:/Users/Matiu/AppData/Local/Programs/MiKTeX/tex/generic/pgf/systemlayer/pgfsy
s.code.tex
Package: pgfsys 2025-08-29 v3.1.11a (3.1.11a)

(C:/Users/Matiu/AppData/Local/Programs/MiKTeX/tex/generic/pgf/utilities/pgfkeys
.code.tex
\pgfkeys@pathtoks=\toks36
\pgfkeys@temptoks=\toks37

(C:/Users/Matiu/AppData/Local/Programs/MiKTeX/tex/generic/pgf/utilities/pgfkeys
libraryfiltered.code.tex
\pgfkeys@tmptoks=\toks38
))
\pgf@x=\dimen176
\pgf@y=\dimen177
\pgf@xa=\dimen178
\pgf@ya=\dimen179
\pgf@xb=\dimen180
\pgf@yb=\dimen181
\pgf@xc=\dimen182
\pgf@yc=\dimen183
\pgf@xd=\dimen184
\pgf@yd=\dimen185
\w@pgf@writea=\write3
\r@pgf@reada=\read3
\c@pgf@counta=\count312
\c@pgf@countb=\count313
\c@pgf@countc=\count314
\c@pgf@countd=\count315
\t@pgf@toka=\toks39
\t@pgf@tokb=\toks40
\t@pgf@tokc=\toks41
\pgf@sys@id@count=\count316

(C:/Users/Matiu/AppData/Local/Programs/MiKTeX/tex/generic/pgf/systemlayer/pgf.c
fg
File: pgf.cfg 2025-08-29 v3.1.11a (3.1.11a)
)
Driver file for pgf: pgfsys-luatex.def

(C:/Users/Matiu/AppData/Local/Programs/MiKTeX/tex/generic/pgf/systemlayer/pgfsy
s-luatex.def
File: pgfsys-luatex.def 2025-08-29 v3.1.11a (3.1.11a)

(C:/Users/Matiu/AppData/Local/Programs/MiKTeX/tex/generic/pgf/systemlayer/pgfsy
s-common-pdf.def
File: pgfsys-common-pdf.def 2025-08-29 v3.1.11a (3.1.11a)
)))
(C:/Users/Matiu/AppData/Local/Programs/MiKTeX/tex/generic/pgf/systemlayer/pgfsy
ssoftpath.code.tex
File: pgfsyssoftpath.code.tex 2025-08-29 v3.1.11a (3.1.11a)
\pgfsyssoftpath@smallbuffer@items=\count317
\pgfsyssoftpath@bigbuffer@items=\count318
)
(C:/Users/Matiu/AppData/Local/Programs/MiKTeX/tex/generic/pgf/systemlayer/pgfsy
sprotocol.code.tex
File: pgfsysprotocol.code.tex 2025-08-29 v3.1.11a (3.1.11a)
))
(C:/Users/Matiu/AppData/Local/Programs/MiKTeX/tex/generic/pgf/basiclayer/pgfcor
e.code.tex
Package: pgfcore 2025-08-29 v3.1.11a (3.1.11a)

(C:/Users/Matiu/AppData/Local/Programs/MiKTeX/tex/generic/pgf/math/pgfmath.code
.tex
(C:/Users/Matiu/AppData/Local/Programs/MiKTeX/tex/generic/pgf/math/pgfmathutil.
code.tex)
(C:/Users/Matiu/AppData/Local/Programs/MiKTeX/tex/generic/pgf/math/pgfmathparse
r.code.tex
\pgfmath@dimen=\dimen186
\pgfmath@count=\count319
\pgfmath@box=\box56
\pgfmath@toks=\toks42
\pgfmath@stack@operand=\toks43
\pgfmath@stack@operation=\toks44
)
(C:/Users/Matiu/AppData/Local/Programs/MiKTeX/tex/generic/pgf/math/pgfmathfunct
ions.code.tex)
(C:/Users/Matiu/AppData/Local/Programs/MiKTeX/tex/generic/pgf/math/pgfmathfunct
ions.basic.code.tex)
(C:/Users/Matiu/AppData/Local/Programs/MiKTeX/tex/generic/pgf/math/pgfmathfunct
ions.trigonometric.code.tex)
(C:/Users/Matiu/AppData/Local/Programs/MiKTeX/tex/generic/pgf/math/pgfmathfunct
ions.random.code.tex)
(C:/Users/Matiu/AppData/Local/Programs/MiKTeX/tex/generic/pgf/math/pgfmathfunct
ions.comparison.code.tex)
(C:/Users/Matiu/AppData/Local/Programs/MiKTeX/tex/generic/pgf/math/pgfmathfunct
ions.base.code.tex)
(C:/Users/Matiu/AppData/Local/Programs/MiKTeX/tex/generic/pgf/math/pgfmathfunct
ions.round.code.tex)
(C:/Users/Matiu/AppData/Local/Programs/MiKTeX/tex/generic/pgf/math/pgfmathfunct
ions.misc.code.tex)
(C:/Users/Matiu/AppData/Local/Programs/MiKTeX/tex/generic/pgf/math/pgfmathfunct
ions.integerarithmetics.code.tex)
(C:/Users/Matiu/AppData/Local/Programs/MiKTeX/tex/generic/pgf/math/pgfmathcalc.
code.tex)
(C:/Users/Matiu/AppData/Local/Programs/MiKTeX/tex/generic/pgf/math/pgfmathfloat
.code.tex
\c@pgfmathroundto@lastzeros=\count320
))
(C:/Users/Matiu/AppData/Local/Programs/MiKTeX/tex/generic/pgf/math/pgfint.code.
tex)
(C:/Users/Matiu/AppData/Local/Programs/MiKTeX/tex/generic/pgf/basiclayer/pgfcor
epoints.code.tex
File: pgfcorepoints.code.tex 2025-08-29 v3.1.11a (3.1.11a)
\pgf@picminx=\dimen187
\pgf@picmaxx=\dimen188
\pgf@picminy=\dimen189
\pgf@picmaxy=\dimen190
\pgf@pathminx=\dimen191
\pgf@pathmaxx=\dimen192
\pgf@pathminy=\dimen193
\pgf@pathmaxy=\dimen194
\pgf@xx=\dimen195
\pgf@xy=\dimen196
\pgf@yx=\dimen197
\pgf@yy=\dimen198
\pgf@zx=\dimen199
\pgf@zy=\dimen256
)
(C:/Users/Matiu/AppData/Local/Programs/MiKTeX/tex/generic/pgf/basiclayer/pgfcor
epathconstruct.code.tex
File: pgfcorepathconstruct.code.tex 2025-08-29 v3.1.11a (3.1.11a)
\pgf@path@lastx=\dimen257
\pgf@path@lasty=\dimen258
)
(C:/Users/Matiu/AppData/Local/Programs/MiKTeX/tex/generic/pgf/basiclayer/pgfcor
epathusage.code.tex
File: pgfcorepathusage.code.tex 2025-08-29 v3.1.11a (3.1.11a)
\pgf@shorten@end@additional=\dimen259
\pgf@shorten@start@additional=\dimen260
)
(C:/Users/Matiu/AppData/Local/Programs/MiKTeX/tex/generic/pgf/basiclayer/pgfcor
escopes.code.tex
File: pgfcorescopes.code.tex 2025-08-29 v3.1.11a (3.1.11a)
\pgfpic=\box57
\pgf@hbox=\box58
\pgf@layerbox@main=\box59
\pgf@picture@serial@count=\count321
)
(C:/Users/Matiu/AppData/Local/Programs/MiKTeX/tex/generic/pgf/basiclayer/pgfcor
egraphicstate.code.tex
File: pgfcoregraphicstate.code.tex 2025-08-29 v3.1.11a (3.1.11a)
\pgflinewidth=\dimen261
)
(C:/Users/Matiu/AppData/Local/Programs/MiKTeX/tex/generic/pgf/basiclayer/pgfcor
etransformations.code.tex
File: pgfcoretransformations.code.tex 2025-08-29 v3.1.11a (3.1.11a)
\pgf@pt@x=\dimen262
\pgf@pt@y=\dimen263
\pgf@pt@temp=\dimen264
)
(C:/Users/Matiu/AppData/Local/Programs/MiKTeX/tex/generic/pgf/basiclayer/pgfcor
equick.code.tex
File: pgfcorequick.code.tex 2025-08-29 v3.1.11a (3.1.11a)
)
(C:/Users/Matiu/AppData/Local/Programs/MiKTeX/tex/generic/pgf/basiclayer/pgfcor
eobjects.code.tex
File: pgfcoreobjects.code.tex 2025-08-29 v3.1.11a (3.1.11a)
)
(C:/Users/Matiu/AppData/Local/Programs/MiKTeX/tex/generic/pgf/basiclayer/pgfcor
epathprocessing.code.tex
File: pgfcorepathprocessing.code.tex 2025-08-29 v3.1.11a (3.1.11a)
)
(C:/Users/Matiu/AppData/Local/Programs/MiKTeX/tex/generic/pgf/basiclayer/pgfcor
earrows.code.tex
File: pgfcorearrows.code.tex 2025-08-29 v3.1.11a (3.1.11a)
\pgfarrowsep=\dimen265
)
(C:/Users/Matiu/AppData/Local/Programs/MiKTeX/tex/generic/pgf/basiclayer/pgfcor
eshade.code.tex
File: pgfcoreshade.code.tex 2025-08-29 v3.1.11a (3.1.11a)
\pgf@max=\dimen266
\pgf@sys@shading@range@num=\count322
\pgf@shadingcount=\count323
)
(C:/Users/Matiu/AppData/Local/Programs/MiKTeX/tex/generic/pgf/basiclayer/pgfcor
eimage.code.tex
File: pgfcoreimage.code.tex 2025-08-29 v3.1.11a (3.1.11a)
)
(C:/Users/Matiu/AppData/Local/Programs/MiKTeX/tex/generic/pgf/basiclayer/pgfcor
eexternal.code.tex
File: pgfcoreexternal.code.tex 2025-08-29 v3.1.11a (3.1.11a)
\pgfexternal@startupbox=\box60
)
(C:/Users/Matiu/AppData/Local/Programs/MiKTeX/tex/generic/pgf/basiclayer/pgfcor
elayers.code.tex
File: pgfcorelayers.code.tex 2025-08-29 v3.1.11a (3.1.11a)
)
(C:/Users/Matiu/AppData/Local/Programs/MiKTeX/tex/generic/pgf/basiclayer/pgfcor
etransparency.code.tex
File: pgfcoretransparency.code.tex 2025-08-29 v3.1.11a (3.1.11a)
)
(C:/Users/Matiu/AppData/Local/Programs/MiKTeX/tex/generic/pgf/basiclayer/pgfcor
epatterns.code.tex
File: pgfcorepatterns.code.tex 2025-08-29 v3.1.11a (3.1.11a)
)
(C:/Users/Matiu/AppData/Local/Programs/MiKTeX/tex/generic/pgf/basiclayer/pgfcor
erdf.code.tex
File: pgfcorerdf.code.tex 2025-08-29 v3.1.11a (3.1.11a)
)))
(C:/Users/Matiu/AppData/Local/Programs/MiKTeX/tex/generic/pgf/modules/pgfmodule
shapes.code.tex
File: pgfmoduleshapes.code.tex 2025-08-29 v3.1.11a (3.1.11a)
\pgfnodeparttextbox=\box61
)
(C:/Users/Matiu/AppData/Local/Programs/MiKTeX/tex/generic/pgf/modules/pgfmodule
plot.code.tex
File: pgfmoduleplot.code.tex 2025-08-29 v3.1.11a (3.1.11a)
)
(C:/Users/Matiu/AppData/Local/Programs/MiKTeX/tex/latex/pgf/compatibility/pgfco
mp-version-0-65.sty
Package: pgfcomp-version-0-65 2025-08-29 v3.1.11a (3.1.11a)
\pgf@nodesepstart=\dimen267
\pgf@nodesepend=\dimen268
)
(C:/Users/Matiu/AppData/Local/Programs/MiKTeX/tex/latex/pgf/compatibility/pgfco
mp-version-1-18.sty
Package: pgfcomp-version-1-18 2025-08-29 v3.1.11a (3.1.11a)
))
(C:/Users/Matiu/AppData/Local/Programs/MiKTeX/tex/latex/pgf/utilities/pgffor.st
y
(C:/Users/Matiu/AppData/Local/Programs/MiKTeX/tex/latex/pgf/utilities/pgfkeys.s
ty
(C:/Users/Matiu/AppData/Local/Programs/MiKTeX/tex/generic/pgf/utilities/pgfkeys
.code.tex))
(C:/Users/Matiu/AppData/Local/Programs/MiKTeX/tex/latex/pgf/math/pgfmath.sty
(C:/Users/Matiu/AppData/Local/Programs/MiKTeX/tex/generic/pgf/math/pgfmath.code
.tex))
(C:/Users/Matiu/AppData/Local/Programs/MiKTeX/tex/generic/pgf/utilities/pgffor.
code.tex
Package: pgffor 2025-08-29 v3.1.11a (3.1.11a)
\pgffor@iter=\dimen269
\pgffor@skip=\dimen270
\pgffor@stack=\toks45
\pgffor@toks=\toks46
))
(C:/Users/Matiu/AppData/Local/Programs/MiKTeX/tex/generic/pgf/frontendlayer/tik
z/tikz.code.tex
Package: tikz 2025-08-29 v3.1.11a (3.1.11a)

(C:/Users/Matiu/AppData/Local/Programs/MiKTeX/tex/generic/pgf/libraries/pgflibr
aryplothandlers.code.tex
File: pgflibraryplothandlers.code.tex 2025-08-29 v3.1.11a (3.1.11a)
\pgf@plot@mark@count=\count324
\pgfplotmarksize=\dimen271
)
\tikz@lastx=\dimen272
\tikz@lasty=\dimen273
\tikz@lastxsaved=\dimen274
\tikz@lastysaved=\dimen275
\tikz@lastmovetox=\dimen276
\tikz@lastmovetoy=\dimen277
\tikzleveldistance=\dimen278
\tikzsiblingdistance=\dimen279
\tikz@figbox=\box62
\tikz@figbox@bg=\box63
\tikz@tempbox=\box64
\tikz@tempbox@bg=\box65
\tikztreelevel=\count325
\tikznumberofchildren=\count326
\tikznumberofcurrentchild=\count327
\tikz@fig@count=\count328

(C:/Users/Matiu/AppData/Local/Programs/MiKTeX/tex/generic/pgf/modules/pgfmodule
matrix.code.tex
File: pgfmodulematrix.code.tex 2025-08-29 v3.1.11a (3.1.11a)
\pgfmatrixcurrentrow=\count329
\pgfmatrixcurrentcolumn=\count330
\pgf@matrix@numberofcolumns=\count331
)
\tikz@expandcount=\count332

(C:/Users/Matiu/AppData/Local/Programs/MiKTeX/tex/generic/pgf/frontendlayer/tik
z/libraries/tikzlibrarytopaths.code.tex
File: tikzlibrarytopaths.code.tex 2025-08-29 v3.1.11a (3.1.11a)
)))
(C:/Users/Matiu/AppData/Local/Programs/MiKTeX/tex/latex/caption/caption.sty
Package: caption 2023/08/05 v3.6o Customizing captions (AR)

(C:/Users/Matiu/AppData/Local/Programs/MiKTeX/tex/latex/caption/caption3.sty
Package: caption3 2023/07/31 v2.4d caption3 kernel (AR)
\caption@tempdima=\dimen280
\captionmargin=\dimen281
\caption@leftmargin=\dimen282
\caption@rightmargin=\dimen283
\caption@width=\dimen284
\caption@indent=\dimen285
\caption@parindent=\dimen286
\caption@hangindent=\dimen287
Package caption Info: Standard document class detected.
)
\c@caption@flags=\count333
\c@continuedfloat=\count334
Package caption Info: hyperref package is loaded.
)
(C:/Users/Matiu/AppData/Local/Programs/MiKTeX/tex/generic/pgf/frontendlayer/tik
z/libraries/tikzlibrarybabel.code.tex
File: tikzlibrarybabel.code.tex 2025-08-29 v3.1.11a (3.1.11a)
)
(C:/Users/Matiu/AppData/Local/Programs/MiKTeX/tex/generic/pgf/libraries/pgflibr
aryarrows.meta.code.tex
File: pgflibraryarrows.meta.code.tex 2025-08-29 v3.1.11a (3.1.11a)
\pgfarrowinset=\dimen288
\pgfarrowlength=\dimen289
\pgfarrowwidth=\dimen290
\pgfarrowlinewidth=\dimen291
)
(C:/Users/Matiu/AppData/Local/Programs/MiKTeX/tex/generic/pgf/frontendlayer/tik
z/libraries/tikzlibrarypositioning.code.tex
File: tikzlibrarypositioning.code.tex 2025-08-29 v3.1.11a (3.1.11a)
)
Package hyperref Info: Option `colorlinks' set `true' on input line 25.
\c@definicion=\count335
\c@ejemplo=\count336
\c@ejercicio=\count337
\c@observacion=\count338
\c@teorema=\count339
\c@proposicion=\count340
\c@corolario=\count341
\c@lema=\count342

(C:/Users/Matiu/AppData/Local/Programs/MiKTeX/tex/latex/l3backend/l3backend-lua
tex.def
File: l3backend-luatex.def 2026-02-18 L3 backend support: PDF output (LuaTeX)
\l__color_backend_stack_int=\count343
Inserting `l3color' in `luaotfload.parse_color'.) (./main.aux
LaTeX Info: Redefining \. on input line 7.
LaTeX Info: Redefining \% on input line 7.
Package babel Info: 'spanish' activates 'spanish' shorthands.
(babel)             Reported on input line 7.
)
\openout1 = main.aux

LaTeX Font Info:    Checking defaults for OML/cmm/m/it on input line 58.
LaTeX Font Info:    ... okay on input line 58.
LaTeX Font Info:    Checking defaults for OMS/cmsy/m/n on input line 58.
LaTeX Font Info:    ... okay on input line 58.
LaTeX Font Info:    Checking defaults for OT1/cmr/m/n on input line 58.
LaTeX Font Info:    ... okay on input line 58.
LaTeX Font Info:    Checking defaults for T1/cmr/m/n on input line 58.
LaTeX Font Info:    ... okay on input line 58.
LaTeX Font Info:    Checking defaults for TS1/cmr/m/n on input line 58.
LaTeX Font Info:    ... okay on input line 58.
LaTeX Font Info:    Checking defaults for TU/lmr/m/n on input line 58.
LaTeX Font Info:    ... okay on input line 58.
LaTeX Font Info:    Checking defaults for OMX/cmex/m/n on input line 58.
LaTeX Font Info:    ... okay on input line 58.
LaTeX Font Info:    Checking defaults for U/cmr/m/n on input line 58.
LaTeX Font Info:    ... okay on input line 58.
LaTeX Font Info:    Checking defaults for PD1/pdf/m/n on input line 58.
LaTeX Font Info:    ... okay on input line 58.
LaTeX Font Info:    Checking defaults for PU/pdf/m/n on input line 58.
LaTeX Font Info:    ... okay on input line 58.
LaTeX Info: Redefining \. on input line 58.
LaTeX Info: Redefining \% on input line 58.

*geometry* driver: auto-detecting
*geometry* detected driver: luatex
*geometry* verbose mode - [ preamble ] result:
* driver: luatex
* paper: a4paper
* layout: <same size as paper>
* layoutoffset:(h,v)=(0.0pt,0.0pt)
* modes: 
* h-part:(L,W,R)=(85.35826pt, 426.79135pt, 85.35826pt)
* v-part:(T,H,B)=(85.35826pt, 674.33032pt, 85.35826pt)
* \paperwidth=597.50787pt
* \paperheight=845.04684pt
* \textwidth=426.79135pt
* \textheight=674.33032pt
* \oddsidemargin=13.08827pt
* \evensidemargin=13.08827pt
* \topmargin=-18.78552pt
* \headheight=12.0pt
* \headsep=19.8738pt
* \topskip=12.0pt
* \footskip=30.0pt
* \marginparwidth=38.0pt
* \marginparsep=7.0pt
* \columnsep=10.0pt
* \skip\footins=10.8pt plus 4.0pt minus 2.0pt
* \hoffset=0.0pt
* \voffset=0.0pt
* \mag=1000
* \@twocolumnfalse
* \@twosidefalse
* \@mparswitchfalse
* \@reversemarginfalse
* (1in=72.27pt=25.4mm, 1cm=28.453pt)

Package hyperref Info: Link coloring ON on input line 58.
(./main.out) (./main.out)
\@outlinefile=\write4

\openout4 = main.out

(C:/Users/Matiu/AppData/Local/Programs/MiKTeX/tex/context/base/mkii/supp-pdf.mk
ii
[Loading MPS to PDF converter (version 2006.09.02).]
\scratchcounter=\count344
\scratchdimen=\dimen292
\scratchbox=\box66
\nofMPsegments=\count345
\nofMParguments=\count346
\everyMPshowfont=\toks47
\MPscratchCnt=\count347
\MPscratchDim=\dimen293
\MPnumerator=\count348
\makeMPintoPDFobject=\count349
\everyMPtoPDFconversion=\toks48
)
(C:/Users/Matiu/AppData/Local/Programs/MiKTeX/tex/latex/epstopdf-pkg/epstopdf-b
ase.sty
Package: epstopdf-base 2020-01-24 v2.11 Base part for package epstopdf
Package epstopdf-base Info: Redefining graphics rule for `.eps' on input line 4
85.

(C:/Users/Matiu/AppData/Local/Programs/MiKTeX/tex/latex/00miktex/epstopdf-sys.c
fg
File: epstopdf-sys.cfg 2021/03/18 v2.0 Configuration of epstopdf for MiKTeX
))
Package caption Info: Begin \AtBeginDocument code.
Package caption Info: End \AtBeginDocument code.
Package babel Info: Main language set to 'spanish'.
LaTeX Font Info:    Trying to load font information for T1+lmtt on input line 6
2.
 (C:/Users/Matiu/AppData/Local/Programs/MiKTeX/tex/latex/lm/t1lmtt.fd
File: t1lmtt.fd 2015/05/01 v1.6.1 Font defs for Latin Modern
)
[1



{C:/Users/Matiu/AppData/Local/MiKTeX/fonts/map/pdftex/pdftex.map}]
Missing character: There is no — (U+2014) in font ec-lmr12!
Missing character: There is no — (U+2014) in font ec-lmr12!
Missing character: There is no — (U+2014) in font ec-lmr12!
Missing character: There is no — (U+2014) in font ec-lmr12!

warning  (pdf backend): ignoring duplicate destination with the name 'page.I'
[1


Missing character: There is no — (U+2014) in font ec-lmr12!
Missing character: There is no — (U+2014) in font ec-lmr12!
] (./main.toc
LaTeX Info: Redefining \. on input line 1.
LaTeX Info: Redefining \% on input line 1.


LaTeX Font Warning: Font shape `T1/lmr/bx/sc' undefined
(Font)              using `T1/lmr/bx/n' instead on input line 2.


Package spanish Warning: Replacing `T1/lmr/bx/sc' by 
(spanish)                faked small caps on input line 2.

LaTeX Font Info:    Trying to load font information for U+msa on input line 4.
(C:/Users/Matiu/AppData/Local/Programs/MiKTeX/tex/latex/amsfonts/umsa.fd
File: umsa.fd 2013/01/14 v3.01 AMS symbols A
)
LaTeX Font Info:    Trying to load font information for U+msb on input line 4.

(C:/Users/Matiu/AppData/Local/Programs/MiKTeX/tex/latex/amsfonts/umsb.fd
File: umsb.fd 2013/01/14 v3.01 AMS symbols B
)
[2

])
\tf@toc=\write5

\openout5 = main.toc
LaTeX Info: Redefining \. on input line 69.
LaTeX Info: Redefining \% on input line 69.
Package babel Info: 'spanish' activates 'spanish' shorthands.
(babel)             Reported on input line 69.
 [3] (./Semana1.tex
Capítulo 1.
[1


]
LaTeX Info: Redefining \. on input line 146.
LaTeX Info: Redefining \% on input line 146.
 [2]
LaTeX Info: Redefining \. on input line 216.
LaTeX Info: Redefining \% on input line 216.
 [3]
LaTeX Info: Redefining \. on input line 278.
LaTeX Info: Redefining \% on input line 278.
 [4]
LaTeX Info: Redefining \. on input line 318.
LaTeX Info: Redefining \% on input line 318.
 [5]
Overfull \hbox (14.29436pt too wide) in paragraph at lines 356--358
[][]\T1/lmr/bx/sc/12 Ob-ser-va-ción 1.3.2. []\T1/lmr/m/n/12 Las in-clu-sio-nes an-te-rio-res pue-den ser es-tric-tas: $[]\OT1/cmr/m/n/12 (\OML/cmm/m/it/12 f\OT1/cmr/m/n/12 ) \U/msb/m/n/12 ( []\OT1/cmr/m/n/12 (\OML/cmm/m/it/12 f\OT1/cmr/m/n/12 ) \U/msb/m/n/12 (
 []

LaTeX Info: Redefining \. on input line 362.
LaTeX Info: Redefining \% on input line 362.
[6]

LaTeX Font Warning: Font shape `T1/lmr/m/scit' undefined
(Font)              using `T1/lmr/m/scsl' instead on input line 382.


LaTeX Font Warning: Font shape `T1/lmr/m/scit' undefined
(Font)              using `T1/lmr/m/scsl' instead on input line 383.


LaTeX Font Warning: Font shape `T1/lmr/m/scit' undefined
(Font)              using `T1/lmr/m/scsl' instead on input line 384.


LaTeX Font Warning: Font shape `T1/lmr/m/scit' undefined
(Font)              using `T1/lmr/m/scsl' instead on input line 385.

LaTeX Info: Redefining \. on input line 398.
LaTeX Info: Redefining \% on input line 398.
[7]
Overfull \hbox (23.91331pt too wide) in paragraph at lines 411--413
[]\T1/lmr/bx/sc/12 Ca-so 2: $\OML/cmm/m/it/12 y \OMS/cmsy/m/n/12 2 \OML/cmm/m/i
t/12 @ []$\T1/lmr/m/n/12 . Sea $\OML/cmm/m/it/12 U$ \T1/lmr/m/n/12 una ve-cin-da
d de $\OML/cmm/m/it/12 y$\T1/lmr/m/n/12 . En-ton-ces, $\OML/cmm/m/it/12 U \OMS/
cmsy/m/n/12 \ [] 6\OT1/cmr/m/n/12 =
 []

LaTeX Info: Redefining \. on input line 435.
LaTeX Info: Redefining \% on input line 435.
[8]) (./Semana2.tex
LaTeX Info: Redefining \. on input line 7.
LaTeX Info: Redefining \% on input line 7.
 [9]
Capítulo 2.

Package hyperref Warning: Token not allowed in a PDF string (Unicode):
(hyperref)                removing `math shift' on input line 9.


Package hyperref Warning: Token not allowed in a PDF string (Unicode):
(hyperref)                removing `superscript' on input line 9.


Package hyperref Warning: Token not allowed in a PDF string (Unicode):
(hyperref)                removing `math shift' on input line 9.

[10

]
LaTeX Info: Redefining \. on input line 115.
LaTeX Info: Redefining \% on input line 115.

Overfull \hbox (16.49316pt too wide) has occurred while \output is active
\T1/lmr/m/sl/12 CA-PÍ-TU-LO 2.  SE-MA-NA 2: RO-TA-CIO-NES EN EL CÍRCU-LO Y TRA
N-SI-TI-VI-DAD \T1/lmr/m/n/12 11
 []

[11]
Overfull \hbox (1.87714pt too wide) in paragraph at lines 115--119
[]\T1/lmr/m/n/12 Por otro la-do, eva-lua-mos $\OML/cmm/m/it/12 h\OT1/cmr/m/n/12
 (\OML/cmm/m/it/12 f\OT1/cmr/m/n/12 (\OML/cmm/m/it/12 x\OT1/cmr/m/n/12 ))$ \T1/
lmr/m/n/12 en am-bos tra-mos de $\OML/cmm/m/it/12 f$\T1/lmr/m/n/12 : Si $\OML/c
mm/m/it/12 x \OMS/cmsy/m/n/12 2 \OT1/cmr/m/n/12 [0\OML/cmm/m/it/12 ; \OT1/cmr/m
/n/12 1\OML/cmm/m/it/12 =\OT1/cmr/m/n/12 2)$\T1/lmr/m/n/12 , $\OML/cmm/m/it/12 
h\OT1/cmr/m/n/12 (\OML/cmm/m/it/12 f\OT1/cmr/m/n/12 (\OML/cmm/m/it/12 x\OT1/cmr
/m/n/12 )) =
 []

LaTeX Info: Redefining \. on input line 150.
LaTeX Info: Redefining \% on input line 150.

Overfull \hbox (16.49316pt too wide) has occurred while \output is active
\T1/lmr/m/sl/12 CA-PÍ-TU-LO 2.  SE-MA-NA 2: RO-TA-CIO-NES EN EL CÍRCU-LO Y TRA
N-SI-TI-VI-DAD \T1/lmr/m/n/12 12
 []

[12]
LaTeX Info: Redefining \. on input line 195.
LaTeX Info: Redefining \% on input line 195.

Overfull \hbox (16.49316pt too wide) has occurred while \output is active
\T1/lmr/m/sl/12 CA-PÍ-TU-LO 2.  SE-MA-NA 2: RO-TA-CIO-NES EN EL CÍRCU-LO Y TRA
N-SI-TI-VI-DAD \T1/lmr/m/n/12 13
 []

[13]
LaTeX Info: Redefining \. on input line 224.
LaTeX Info: Redefining \% on input line 224.

Overfull \hbox (16.49316pt too wide) has occurred while \output is active
\T1/lmr/m/sl/12 CA-PÍ-TU-LO 2.  SE-MA-NA 2: RO-TA-CIO-NES EN EL CÍRCU-LO Y TRA
N-SI-TI-VI-DAD \T1/lmr/m/n/12 14
 []

[14]
LaTeX Info: Redefining \. on input line 297.
LaTeX Info: Redefining \% on input line 297.

Overfull \hbox (16.49316pt too wide) has occurred while \output is active
\T1/lmr/m/sl/12 CA-PÍ-TU-LO 2.  SE-MA-NA 2: RO-TA-CIO-NES EN EL CÍRCU-LO Y TRA
N-SI-TI-VI-DAD \T1/lmr/m/n/12 15
 []

[15]
LaTeX Info: Redefining \. on input line 317.
LaTeX Info: Redefining \% on input line 317.

Overfull \hbox (16.49316pt too wide) has occurred while \output is active
\T1/lmr/m/sl/12 CA-PÍ-TU-LO 2.  SE-MA-NA 2: RO-TA-CIO-NES EN EL CÍRCU-LO Y TRA
N-SI-TI-VI-DAD \T1/lmr/m/n/12 16
 []

[16]
LaTeX Info: Redefining \. on input line 357.
LaTeX Info: Redefining \% on input line 357.

Overfull \hbox (16.49316pt too wide) has occurred while \output is active
\T1/lmr/m/sl/12 CA-PÍ-TU-LO 2.  SE-MA-NA 2: RO-TA-CIO-NES EN EL CÍRCU-LO Y TRA
N-SI-TI-VI-DAD \T1/lmr/m/n/12 17
 []

[17]) (./Semana3.tex
LaTeX Info: Redefining \. on input line 5.
LaTeX Info: Redefining \% on input line 5.

Overfull \hbox (16.49316pt too wide) has occurred while \output is active
\T1/lmr/m/sl/12 CA-PÍ-TU-LO 2.  SE-MA-NA 2: RO-TA-CIO-NES EN EL CÍRCU-LO Y TRA
N-SI-TI-VI-DAD \T1/lmr/m/n/12 18
 []

[18]
Capítulo 3.

Overfull \hbox (62.2882pt too wide) detected at line 25
[] [] \OT1/cmr/m/n/12 = [] [] + [] + [] [] \OMS/cmsy/m/n/12  [] [] \OT1/cmr/m/
n/12 + 1 + [] [] \OML/cmm/m/it/12 < \OT1/cmr/m/n/12 1 + 1 + 1 = 3
 []


Overfull \hbox (37.2687pt too wide) in paragraph at lines 31--32
[]\T1/lmr/m/n/12 Sea $\OT1/cmr/m/n/12 (\OML/cmm/m/it/12 x[]\OT1/cmr/m/n/12 )\OM
L/cmm/m/it/12 ; \OT1/cmr/m/n/12 (\OML/cmm/m/it/12 y[]\OT1/cmr/m/n/12 )\OML/cmm/
m/it/12 ; \OT1/cmr/m/n/12 (\OML/cmm/m/it/12 z[]\OT1/cmr/m/n/12 ) \OMS/cmsy/m/n/
12 2 \OT1/cmr/m/n/12   =[]\OMS/cmsy/m/n/12 )  \OML/cmm/m/it/12 d\OT1/cmr/m/n/1
2 ((\OML/cmm/m/it/12 x[]\OT1/cmr/m/n/12 )\OML/cmm/m/it/12 ; \OT1/cmr/m/n/12 (\O
ML/cmm/m/it/12 y[]\OT1/cmr/m/n/12 )) = [][] [] \OMS/cmsy/m/n/12  [][] [] \OT1/
cmr/m/n/12 =
 []

[19

]
LaTeX Info: Redefining \. on input line 93.
LaTeX Info: Redefining \% on input line 93.
 [20]
Overfull \hbox (39.05786pt too wide) in paragraph at lines 115--117
\OT1/cmr/m/n/12 (3\OML/cmm/m/it/12 ; \OT1/cmr/m/n/12 1\OML/cmm/m/it/12 ; \OT1/c
mr/m/n/12 0\OML/cmm/m/it/12 ; \OT1/cmr/m/n/12 2\OML/cmm/m/it/12 ; \OT1/cmr/m/n/
12 3\OML/cmm/m/it/12 ; \OT1/cmr/m/n/12 1\OML/cmm/m/it/12 ; \OT1/cmr/m/n/12 0\OM
L/cmm/m/it/12 ; \OT1/cmr/m/n/12 2\OML/cmm/m/it/12 ; \OT1/cmr/m/n/12 3\OML/cmm/m
/it/12 ; \OT1/cmr/m/n/12 1\OML/cmm/m/it/12 ; \OT1/cmr/m/n/12 0\OML/cmm/m/it/12 
; \OT1/cmr/m/n/12 2\OML/cmm/m/it/12 ; [] \OT1/cmr/m/n/12 )  =[]\OMS/cmsy/m/n/12
 )  \OT1/cmr/m/n/12 (\OML/cmm/m/it/12 y[]\OT1/cmr/m/n/12 )[] = \OML/cmm/m/it/12
 \OT1/cmr/m/n/12 ((\OML/cmm/m/it/12 x[]\OT1/cmr/m/n/12 )[]) = (1\OML/cmm/m/it/
12 ; \OT1/cmr/m/n/12 0\OML/cmm/m/it/12 ; \OT1/cmr/m/n/12 2\OML/cmm/m/it/12 ; \O
T1/cmr/m/n/12 3\OML/cmm/m/it/12 ; \OT1/cmr/m/n/12 1\OML/cmm/m/it/12 ; \OT1/cmr/
m/n/12 0\OML/cmm/m/it/12 ; \OT1/cmr/m/n/12 2\OML/cmm/m/it/12 ; \OT1/cmr/m/n/12 
3\OML/cmm/m/it/12 ; \OT1/cmr/m/n/12 1\OML/cmm/m/it/12 ; \OT1/cmr/m/n/12 0\OML/c
mm/m/it/12 ; \OT1/cmr/m/n/12 2\OML/cmm/m/it/12 ; [] \OT1/cmr/m/n/12 )$\T1/lmr/m
/n/12 . 
 []

LaTeX Info: Redefining \. on input line 140.
LaTeX Info: Redefining \% on input line 140.
[21]
LaTeX Info: Redefining \. on input line 183.
LaTeX Info: Redefining \% on input line 183.
 [22]
LaTeX Info: Redefining \. on input line 241.
LaTeX Info: Redefining \% on input line 241.
 [23]) (./Semana4.tex
LaTeX Info: Redefining \. on input line 5.
LaTeX Info: Redefining \% on input line 5.
 [24]
Capítulo 4.
[25

]
LaTeX Info: Redefining \. on input line 117.
LaTeX Info: Redefining \% on input line 117.
 [26]
LaTeX Info: Redefining \. on input line 209.
LaTeX Info: Redefining \% on input line 209.
 [27]
LaTeX Info: Redefining \. on input line 270.
LaTeX Info: Redefining \% on input line 270.
 [28]
LaTeX Info: Redefining \. on input line 325.
LaTeX Info: Redefining \% on input line 325.
 [29]
Overfull \hbox (9.33456pt too wide) in paragraph at lines 374--375
 [][] 
 []

LaTeX Info: Redefining \. on input line 403.
LaTeX Info: Redefining \% on input line 403.
[30]
LaTeX Info: Redefining \. on input line 449.
LaTeX Info: Redefining \% on input line 449.
 [31]) (./Semana5.tex
LaTeX Info: Redefining \. on input line 5.
LaTeX Info: Redefining \% on input line 5.
 [32]
Capítulo 5.
[33

]
Overfull \hbox (2.04286pt too wide) in paragraph at lines 74--75
[][]\T1/lmr/bx/sc/12 Teo-re-ma 5.1.1 \T1/lmr/m/n/12 (Nú-me-ro de Ro-ta-ción Ir
ra-cio-nal y Mi-ni-ma-li-dad)\T1/lmr/bx/sc/12 . []\T1/lmr/m/it/12 Sea $\OML/cmm
/m/it/12 f \OMS/cmsy/m/n/12 2 [][]\OT1/cmr/m/n/12 (\OML/cmm/m/it/12 S[]\OT1/cmr
/m/n/12 )$
 []

LaTeX Info: Redefining \. on input line 92.
LaTeX Info: Redefining \% on input line 92.
[34]
LaTeX Info: Redefining \. on input line 154.
LaTeX Info: Redefining \% on input line 154.
 [35]
Overfull \hbox (10.0848pt too wide) detected at line 177
[]\OT1/cmr/m/n/12 (\OML/cmm/m/it/12 F\OT1/cmr/m/n/12 (\OML/cmm/m/it/12 F[]\OT1/
cmr/m/n/12 (\OML/cmm/m/it/12 x\OT1/cmr/m/n/12 ) + \OML/cmm/m/it/12 m\OT1/cmr/m/
n/12 )) = [](\OML/cmm/m/it/12 F[]\OT1/cmr/m/n/12 (\OML/cmm/m/it/12 x\OT1/cmr/m/
n/12 ) + \OML/cmm/m/it/12 m\OT1/cmr/m/n/12 ) = (\OML/cmm/m/it/12 n \OT1/cmr/m/n
/12 + 1)\OML/cmm/m/it/12  \OT1/cmr/m/n/12 + \OML/cmm/m/it/12 m \OT1/cmr/m/n/12
 = (\OML/cmm/m/it/12 n \OT1/cmr/m/n/12 + \OML/cmm/m/it/12 m\OT1/cmr/m/n/12 ) + \OML/cmm/m/it/12  \OT1/cmr/m/n/12 = [](\OML/cmm/m/it/12 F[]\OT1/cmr/m/n/12 (\OML/cmm/m/it/12 x\OT1/cmr/m/n/12 ) + \OML/cmm/m/it/12 m\OT1/cmr/m/n/12 ) + \OML/cmm/m/it/12 
 []

) (./Semana6.tex
LaTeX Info: Redefining \. on input line 5.
LaTeX Info: Redefining \% on input line 5.
 [36]
Capítulo 6.
[37

]
LaTeX Info: Redefining \. on input line 96.
LaTeX Info: Redefining \% on input line 96.
 [38]
Overfull \hbox (22.78267pt too wide) in paragraph at lines 115--116
[][]\T1/lmr/bx/sc/12 Ejer-ci-cio 6.2.1. []\T1/lmr/m/n/12 Mos-trar que $\OML/cmm
/m/it/12 q[]$ \T1/lmr/m/n/12 son pun-tos pe-rió-di-cos atrac-to-res pa-ra $\OM
L/cmm/m/it/12 c \OMS/cmsy/m/n/12 2 \OT1/cmr/m/n/12 (\OMS/cmsy/m/n/12 ^^@\OT1/cm
r/m/n/12 5\OML/cmm/m/it/12 =\OT1/cmr/m/n/12 4\OML/cmm/m/it/12 ; \OMS/cmsy/m/n/1
2 ^^@\OT1/cmr/m/n/12 3\OML/cmm/m/it/12 =\OT1/cmr/m/n/12 4)$\T1/lmr/m/n/12 . 
 []

LaTeX Info: Redefining \. on input line 138.
LaTeX Info: Redefining \% on input line 138.
[39]) (./Semana7.tex
LaTeX Info: Redefining \. on input line 5.
LaTeX Info: Redefining \% on input line 5.
 [40]
LaTeX Info: Redefining \. on input line 5.
LaTeX Info: Redefining \% on input line 5.
 [41]
Capítulo 7.
Missing character: There is no — (U+2014) in font ec-lmr12!
Missing character: There is no — (U+2014) in font ec-lmr12!
Missing character: There is no — (U+2014) in font ec-lmr12!
Missing character: There is no — (U+2014) in font ec-lmr12!
[42


Missing character: There is no — (U+2014) in font ec-lmr12!
Missing character: There is no — (U+2014) in font ec-lmr12!
]
Overfull \hbox (16.66995pt too wide) in paragraph at lines 71--72
[]\T1/lmr/bx/sc/12 Ce-rra-du-ra ba-jo unio-nes nu-me-ra-bles: \T1/lmr/m/n/12 Sea
 una su-ce-sión de con-jun-tos $\OMS/cmsy/m/n/12 f\OML/cmm/m/it/12 A[]\OMS/cms
y/m/n/12 g[] 
 []

LaTeX Info: Redefining \. on input line 78.
LaTeX Info: Redefining \% on input line 78.
[43]
LaTeX Info: Redefining \. on input line 110.
LaTeX Info: Redefining \% on input line 110.
 [44]
Overfull \hbox (13.62613pt too wide) in paragraph at lines 147--148
[][]\T1/lmr/bx/sc/12 Pro-po-si-ción 7.2.1 \T1/lmr/m/n/12 (Pro-pie-da-des es-tru
c-tu-ra-les de la me-di-da del con-teo)\T1/lmr/bx/sc/12 . []\T1/lmr/m/it/12 Sea $\OT1/cmr/m/n/12 (\OML/cmm/m/it/12 X; \OT1/cmr/m/n/12 2[]\OML/cmm/m/it/12 ; \OT1/cmr/m/n/12 )$
 []

LaTeX Info: Redefining \. on input line 148.
LaTeX Info: Redefining \% on input line 148.
[45]
Overfull \hbox (29.32599pt too wide) in paragraph at lines 172--173
[]\T1/lmr/bx/it/12 Subadi-ti-vi-dad nu-me-ra-ble: \T1/lmr/m/it/12 Pa-ra cual-qui
er su-ce-sión de con-jun-tos me-di-bles $\OMS/cmsy/m/n/12 f\OML/cmm/m/it/12 E[
]\OMS/cmsy/m/n/12 g[] 
 []

LaTeX Info: Redefining \. on input line 175.
LaTeX Info: Redefining \% on input line 175.
[46]
LaTeX Info: Redefining \. on input line 206.
LaTeX Info: Redefining \% on input line 206.
 [47]
LaTeX Info: Redefining \. on input line 236.
LaTeX Info: Redefining \% on input line 236.
 [48]
LaTeX Info: Redefining \. on input line 258.
LaTeX Info: Redefining \% on input line 258.
 [49]
LaTeX Info: Redefining \. on input line 285.
LaTeX Info: Redefining \% on input line 285.
 [50]) (./Semana8.tex
LaTeX Info: Redefining \. on input line 5.
LaTeX Info: Redefining \% on input line 5.
 [51]
Capítulo 8.
[52

]
LaTeX Info: Redefining \. on input line 72.
LaTeX Info: Redefining \% on input line 72.

Overfull \hbox (52.7156pt too wide) has occurred while \output is active
\T1/lmr/m/sl/12 CA-PÍ-TU-LO 8.  SE-MA-NA 8: FUN-CIO-NES ME-DI-BLES E IN-TE-GRA-
CIÓN DE LE-BES-GUE \T1/lmr/m/n/12 53
 []

[53]

LaTeX Font Warning: Font shape `T1/lmr/m/scit' undefined
(Font)              using `T1/lmr/m/scsl' instead on input line 95.


LaTeX Font Warning: Font shape `T1/lmr/m/scit' undefined
(Font)              using `T1/lmr/m/scsl' instead on input line 96.


LaTeX Font Warning: Font shape `T1/lmr/m/scit' undefined
(Font)              using `T1/lmr/m/scsl' instead on input line 97.


Overfull \hbox (8.69522pt too wide) in paragraph at lines 97--98
[]\T1/lmr/m/it/12 La su-ce-sión con-ver-ge pun-tual-men-te a $\OML/cmm/m/it/12
 f$ \T1/lmr/m/it/12 en to-do pun-to: $[][] \OML/cmm/m/it/12 s[]\OT1/cmr/m/n/12 
(\OML/cmm/m/it/12 x\OT1/cmr/m/n/12 ) = \OML/cmm/m/it/12 f\OT1/cmr/m/n/12 (\OML/
cmm/m/it/12 x\OT1/cmr/m/n/12 )\OML/cmm/m/it/12 ; \OMS/cmsy/m/n/12 8\OML/cmm/m/i
t/12 x \OMS/cmsy/m/n/12 2
 []


LaTeX Font Warning: Font shape `T1/lmr/m/scit' undefined
(Font)              using `T1/lmr/m/scsl' instead on input line 98.

LaTeX Info: Redefining \. on input line 104.
LaTeX Info: Redefining \% on input line 104.

Overfull \hbox (52.7156pt too wide) has occurred while \output is active
\T1/lmr/m/sl/12 CA-PÍ-TU-LO 8.  SE-MA-NA 8: FUN-CIO-NES ME-DI-BLES E IN-TE-GRA-
CIÓN DE LE-BES-GUE \T1/lmr/m/n/12 54
 []

[54]
LaTeX Info: Redefining \. on input line 131.
LaTeX Info: Redefining \% on input line 131.

Overfull \hbox (52.7156pt too wide) has occurred while \output is active
\T1/lmr/m/sl/12 CA-PÍ-TU-LO 8.  SE-MA-NA 8: FUN-CIO-NES ME-DI-BLES E IN-TE-GRA-
CIÓN DE LE-BES-GUE \T1/lmr/m/n/12 55
 []

[55]
LaTeX Info: Redefining \. on input line 160.
LaTeX Info: Redefining \% on input line 160.

Overfull \hbox (52.7156pt too wide) has occurred while \output is active
\T1/lmr/m/sl/12 CA-PÍ-TU-LO 8.  SE-MA-NA 8: FUN-CIO-NES ME-DI-BLES E IN-TE-GRA-
CIÓN DE LE-BES-GUE \T1/lmr/m/n/12 56
 []

[56]
Overfull \hbox (5.1377pt too wide) in paragraph at lines 168--168
[]\T1/lmr/bx/n/17.28 Teo-re-mas Fun-da-men-ta-les de Con-ver-gen-cia In-
 []

LaTeX Info: Redefining \. on input line 189.
LaTeX Info: Redefining \% on input line 189.

Overfull \hbox (52.7156pt too wide) has occurred while \output is active
\T1/lmr/m/sl/12 CA-PÍ-TU-LO 8.  SE-MA-NA 8: FUN-CIO-NES ME-DI-BLES E IN-TE-GRA-
CIÓN DE LE-BES-GUE \T1/lmr/m/n/12 57
 []

[57]
LaTeX Info: Redefining \. on input line 217.
LaTeX Info: Redefining \% on input line 217.

Overfull \hbox (52.7156pt too wide) has occurred while \output is active
\T1/lmr/m/sl/12 CA-PÍ-TU-LO 8.  SE-MA-NA 8: FUN-CIO-NES ME-DI-BLES E IN-TE-GRA-
CIÓN DE LE-BES-GUE \T1/lmr/m/n/12 58
 []

[58]
LaTeX Info: Redefining \. on input line 244.
LaTeX Info: Redefining \% on input line 244.

Overfull \hbox (52.7156pt too wide) has occurred while \output is active
\T1/lmr/m/sl/12 CA-PÍ-TU-LO 8.  SE-MA-NA 8: FUN-CIO-NES ME-DI-BLES E IN-TE-GRA-
CIÓN DE LE-BES-GUE \T1/lmr/m/n/12 59
 []

[59]) (./Semana9.tex
LaTeX Info: Redefining \. on input line 5.
LaTeX Info: Redefining \% on input line 5.

Overfull \hbox (52.7156pt too wide) has occurred while \output is active
\T1/lmr/m/sl/12 CA-PÍ-TU-LO 8.  SE-MA-NA 8: FUN-CIO-NES ME-DI-BLES E IN-TE-GRA-
CIÓN DE LE-BES-GUE \T1/lmr/m/n/12 60
 []

[60]
Capítulo 9.

Overfull \hbox (8.18718pt too wide) detected at line 35
[]
 []

[61

]
Overfull \hbox (4.31201pt too wide) in paragraph at lines 67--68
[]\T1/lmr/m/n/12 Sea $\OMS/cmsy/m/n/12 A$ \T1/lmr/m/n/12 la co-lec-ción cons-ti
-tui-da por
 []

LaTeX Info: Redefining \. on input line 68.
LaTeX Info: Redefining \% on input line 68.

Overfull \hbox (72.60298pt too wide) has occurred while \output is active
\T1/lmr/m/sl/12 CA-PÍ-TU-LO 9.  SE-MA-NA 9: ME-DI-DAS IN-VA-RIAN-TES Y CON-SER-
VA-CIÓN DEL VO-LU-MEN \T1/lmr/m/n/12 62
 []

[62]
LaTeX Info: Redefining \. on input line 151.
LaTeX Info: Redefining \% on input line 151.

Overfull \hbox (72.60298pt too wide) has occurred while \output is active
\T1/lmr/m/sl/12 CA-PÍ-TU-LO 9.  SE-MA-NA 9: ME-DI-DAS IN-VA-RIAN-TES Y CON-SER-
VA-CIÓN DEL VO-LU-MEN \T1/lmr/m/n/12 63
 []

[63]
LaTeX Info: Redefining \. on input line 170.
LaTeX Info: Redefining \% on input line 170.

Overfull \hbox (72.60298pt too wide) has occurred while \output is active
\T1/lmr/m/sl/12 CA-PÍ-TU-LO 9.  SE-MA-NA 9: ME-DI-DAS IN-VA-RIAN-TES Y CON-SER-
VA-CIÓN DEL VO-LU-MEN \T1/lmr/m/n/12 64
 []

[64]
Overfull \hbox (21.86234pt too wide) detected at line 174
[] \OML/cmm/m/it/12 \OT1/cmr/m/n/12 (\OML/cmm/m/it/12 E[]\OT1/cmr/m/n/12 ) = [
] \OML/cmm/m/it/12 \OT1/cmr/m/n/12 (\OML/cmm/m/it/12 f[]\OT1/cmr/m/n/12 (\OML/
cmm/m/it/12 E[]\OT1/cmr/m/n/12 )) = \OML/cmm/m/it/12  [] \OT1/cmr/m/n/12 = \OM
L/cmm/m/it/12  [] \OT1/cmr/m/n/12 = \OML/cmm/m/it/12 \OT1/cmr/m/n/12 (\OML/cm
m/m/it/12 f[]\OT1/cmr/m/n/12 (\OML/cmm/m/it/12 E\OT1/cmr/m/n/12 ))
 []


Overfull \hbox (23.84302pt too wide) detected at line 179
\OML/cmm/m/it/12 \OT1/cmr/m/n/12 (\OML/cmm/m/it/12 E\OT1/cmr/m/n/12 ) = \OML/c
mm/m/it/12  [] \OT1/cmr/m/n/12 = [] \OML/cmm/m/it/12 \OT1/cmr/m/n/12 (\OML/cm
m/m/it/12 E[]\OT1/cmr/m/n/12 ) = [] \OML/cmm/m/it/12 \OT1/cmr/m/n/12 (\OML/cmm
/m/it/12 f[]\OT1/cmr/m/n/12 (\OML/cmm/m/it/12 E[]\OT1/cmr/m/n/12 )) = \OML/cmm/
m/it/12  [] \OT1/cmr/m/n/12 = \OML/cmm/m/it/12 \OT1/cmr/m/n/12 (\OML/cmm/m/it
/12 f[]\OT1/cmr/m/n/12 (\OML/cmm/m/it/12 E\OT1/cmr/m/n/12 ))
 []


Overfull \hbox (63.34824pt too wide) in paragraph at lines 187--187
[]\T1/lmr/bx/n/17.28 Me-di-da Ima-gen (Push-Forward) y Semi-Conjugación 
 []

LaTeX Info: Redefining \. on input line 195.
LaTeX Info: Redefining \% on input line 195.

Overfull \hbox (72.60298pt too wide) has occurred while \output is active
\T1/lmr/m/sl/12 CA-PÍ-TU-LO 9.  SE-MA-NA 9: ME-DI-DAS IN-VA-RIAN-TES Y CON-SER-
VA-CIÓN DEL VO-LU-MEN \T1/lmr/m/n/12 65
 []

[65]
LaTeX Info: Redefining \. on input line 302.
LaTeX Info: Redefining \% on input line 302.

Overfull \hbox (72.60298pt too wide) has occurred while \output is active
\T1/lmr/m/sl/12 CA-PÍ-TU-LO 9.  SE-MA-NA 9: ME-DI-DAS IN-VA-RIAN-TES Y CON-SER-
VA-CIÓN DEL VO-LU-MEN \T1/lmr/m/n/12 66
 []

[66]
LaTeX Info: Redefining \. on input line 302.
LaTeX Info: Redefining \% on input line 302.

Overfull \hbox (72.60298pt too wide) has occurred while \output is active
\T1/lmr/m/sl/12 CA-PÍ-TU-LO 9.  SE-MA-NA 9: ME-DI-DAS IN-VA-RIAN-TES Y CON-SER-
VA-CIÓN DEL VO-LU-MEN \T1/lmr/m/n/12 67
 []

[67]
Overfull \hbox (5.84984pt too wide) in paragraph at lines 323--323
[]\T1/lmr/bx/n/17.28 Ca-rac-te-ri-za-ción In-te-gral de Me-di-das In-va-rian-
 []

LaTeX Info: Redefining \. on input line 336.
LaTeX Info: Redefining \% on input line 336.

Overfull \hbox (72.60298pt too wide) has occurred while \output is active
\T1/lmr/m/sl/12 CA-PÍ-TU-LO 9.  SE-MA-NA 9: ME-DI-DAS IN-VA-RIAN-TES Y CON-SER-
VA-CIÓN DEL VO-LU-MEN \T1/lmr/m/n/12 68
 []

[68]
Missing character: There is no — (U+2014) in font ec-lmr12!
Missing character: There is no — (U+2014) in font ec-lmr12!
Missing character: There is no — (U+2014) in font ec-lmr12!
Missing character: There is no — (U+2014) in font ec-lmr12!
LaTeX Info: Redefining \. on input line 367.
LaTeX Info: Redefining \% on input line 367.

Overfull \hbox (72.60298pt too wide) has occurred while \output is active
\T1/lmr/m/sl/12 CA-PÍ-TU-LO 9.  SE-MA-NA 9: ME-DI-DAS IN-VA-RIAN-TES Y CON-SER-
VA-CIÓN DEL VO-LU-MEN \T1/lmr/m/n/12 69
 []

[69
Missing character: There is no — (U+2014) in font ec-lmr12!
Missing character: There is no — (U+2014) in font ec-lmr12!
]
LaTeX Info: Redefining \. on input line 466.
LaTeX Info: Redefining \% on input line 466.

Overfull \hbox (72.60298pt too wide) has occurred while \output is active
\T1/lmr/m/sl/12 CA-PÍ-TU-LO 9.  SE-MA-NA 9: ME-DI-DAS IN-VA-RIAN-TES Y CON-SER-
VA-CIÓN DEL VO-LU-MEN \T1/lmr/m/n/12 70
 []

[70]
Overfull \hbox (9.18571pt too wide) in paragraph at lines 469--470
[]\T1/lmr/m/it/12 No-ta geo-mé-tri-ca: \T1/lmr/m/n/12 Si con-si-de-ra-mos el ho
-meo-mor-fis-mo bi-yec-ti-vo lo-cal $\OML/cmm/m/it/12 \OMS/cmsy/m/n/12 j[] \OT
1/cmr/m/n/12 : [0\OML/cmm/m/it/12 ; \OT1/cmr/m/n/12 1) \OMS/cmsy/m/n/12 !
 []

LaTeX Info: Redefining \. on input line 481.
LaTeX Info: Redefining \% on input line 481.

Overfull \hbox (72.60298pt too wide) has occurred while \output is active
\T1/lmr/m/sl/12 CA-PÍ-TU-LO 9.  SE-MA-NA 9: ME-DI-DAS IN-VA-RIAN-TES Y CON-SER-
VA-CIÓN DEL VO-LU-MEN \T1/lmr/m/n/12 71
 []

[71]
Overfull \hbox (10.87466pt too wide) detected at line 498
\OML/cmm/m/it/12 m [] \OT1/cmr/m/n/12 = \OML/cmm/m/it/12 m [] \OT1/cmr/m/n/12 = \OML/cmm/m/it/12 m []
 []

LaTeX Info: Redefining \. on input line 518.
LaTeX Info: Redefining \% on input line 518.

Overfull \hbox (72.60298pt too wide) has occurred while \output is active
\T1/lmr/m/sl/12 CA-PÍ-TU-LO 9.  SE-MA-NA 9: ME-DI-DAS IN-VA-RIAN-TES Y CON-SER-
VA-CIÓN DEL VO-LU-MEN \T1/lmr/m/n/12 72
 []

[72]) (./Semana10.tex
LaTeX Info: Redefining \. on input line 5.
LaTeX Info: Redefining \% on input line 5.

Overfull \hbox (72.60298pt too wide) has occurred while \output is active
\T1/lmr/m/sl/12 CA-PÍ-TU-LO 9.  SE-MA-NA 9: ME-DI-DAS IN-VA-RIAN-TES Y CON-SER-
VA-CIÓN DEL VO-LU-MEN \T1/lmr/m/n/12 73
 []

[73]
Capítulo 10.
[74

]
LaTeX Info: Redefining \. on input line 71.
LaTeX Info: Redefining \% on input line 71.
 [75]
Overfull \hbox (78.12166pt too wide) detected at line 102
[]
 []

LaTeX Info: Redefining \. on input line 115.
LaTeX Info: Redefining \% on input line 115.
[76]
LaTeX Info: Redefining \. on input line 149.
LaTeX Info: Redefining \% on input line 149.
 [77]
LaTeX Info: Redefining \. on input line 186.
LaTeX Info: Redefining \% on input line 186.
 [78]
Overfull \hbox (9.88266pt too wide) in paragraph at lines 196--198
\T1/lmr/m/n/12 Lue-go, se tie-ne que $\OML/cmm/m/it/12 E \OMS/cmsy/m/n/12 n \OM
L/cmm/m/it/12 f[]\OT1/cmr/m/n/12 (\OML/cmm/m/it/12 E\OT1/cmr/m/n/12 ) \OMS/cmsy
/m/n/12  \OT1/cmr/m/n/12 0$\T1/lmr/m/n/12 . Co-mo la me-di-da $\OML/cmm/m/it/1
2 $ \T1/lmr/m/n/12 es in-va-rian-te por $\OML/cmm/m/it/12 f$ \T1/lmr/m/n/12 ($
\OML/cmm/m/it/12 \OT1/cmr/m/n/12 (\OML/cmm/m/it/12 f[]\OT1/cmr/m/n/12 (\OML/cm
m/m/it/12 E\OT1/cmr/m/n/12 )) =
 []

LaTeX Info: Redefining \. on input line 215.
LaTeX Info: Redefining \% on input line 215.
[79]) (./Semana11.tex
LaTeX Info: Redefining \. on input line 5.
LaTeX Info: Redefining \% on input line 5.
 [80]
Capítulo 11.

Overfull \hbox (2.2691pt too wide) in paragraph at lines 22--24
\T1/lmr/m/n/12 Co-mo $\OML/cmm/m/it/12 '\OT1/cmr/m/n/12 (\OML/cmm/m/it/12 f\OT1
/cmr/m/n/12 (\OML/cmm/m/it/12 x\OT1/cmr/m/n/12 )) = \OML/cmm/m/it/12 '\OT1/cmr/
m/n/12 (\OML/cmm/m/it/12 x\OT1/cmr/m/n/12 )$ \T1/lmr/m/n/12 pa-ra to-do $\OML/c
mm/m/it/12 x \OMS/cmsy/m/n/12 2 \OML/cmm/m/it/12 M$\T1/lmr/m/n/12 , en-ton-ces, en par-ti-cu-lar, se cum-ple $\OML/cmm/m/it/12 '\OT1/cmr/m/n/12 (\OML/cmm/m/it/12 f\OT1/cmr/m/n/12 (\OML/cmm/m/it/12 x\OT1/cmr/m/n/12 )) =
 []

[81

]
LaTeX Info: Redefining \. on input line 65.
LaTeX Info: Redefining \% on input line 65.

Overfull \hbox (123.0304pt too wide) has occurred while \output is active
\T1/lmr/m/sl/12 CA-PÍ-TU-LO 11.  SE-MA-NA 11: CA-RAC-TE-RI-ZA-CIÓN FUN-CIO-NAL
 Y RO-TA-CIO-NES IRRA-CIO-NA-LES \T1/lmr/m/n/12 82
 []

[82]
LaTeX Info: Redefining \. on input line 102.
LaTeX Info: Redefining \% on input line 102.

Overfull \hbox (123.0304pt too wide) has occurred while \output is active
\T1/lmr/m/sl/12 CA-PÍ-TU-LO 11.  SE-MA-NA 11: CA-RAC-TE-RI-ZA-CIÓN FUN-CIO-NAL
 Y RO-TA-CIO-NES IRRA-CIO-NA-LES \T1/lmr/m/n/12 83
 []

[83]) (./Semana12.tex
LaTeX Info: Redefining \. on input line 5.
LaTeX Info: Redefining \% on input line 5.

Overfull \hbox (123.0304pt too wide) has occurred while \output is active
\T1/lmr/m/sl/12 CA-PÍ-TU-LO 11.  SE-MA-NA 11: CA-RAC-TE-RI-ZA-CIÓN FUN-CIO-NAL
 Y RO-TA-CIO-NES IRRA-CIO-NA-LES \T1/lmr/m/n/12 84
 []

[84]
Capítulo 12.

Overfull \hbox (3.95065pt too wide) in paragraph at lines 20--21
[][]\T1/lmr/bx/sc/12 Ejem-plo 12.1.1. []\T1/lmr/m/n/12 Con-si-de-ra-mos la trans
-for-ma-ción de-ci-mal mul-ti-pli-ca-ti-va $\OML/cmm/m/it/12 f \OT1/cmr/m/n/12
 : (0\OML/cmm/m/it/12 ; \OT1/cmr/m/n/12 1] \OMS/cmsy/m/n/12 !
 []

[85

]
Overfull \hbox (17.87422pt too wide) detected at line 32
[] [] \OML/cmm/m/it/12 []\OT1/cmr/m/n/12 (\OML/cmm/m/it/12 f[]\OT1/cmr/m/n/12 
(\OML/cmm/m/it/12 x\OT1/cmr/m/n/12 )) = [](2[] + 2[] + 2[] + [] + 2[]) = [] [] 
= []
 []

LaTeX Info: Redefining \. on input line 61.
LaTeX Info: Redefining \% on input line 61.

Overfull \hbox (91.47423pt too wide) has occurred while \output is active
\T1/lmr/m/sl/12 CA-PÍ-TU-LO 12.  SE-MA-NA 12: TEO-RE-MA ER-GÓ-DI-CO DE BIRKHOF
F Y CA-RAC-TE-RI-ZA-CIÓN \T1/lmr/m/n/12 86
 []

[86]
LaTeX Info: Redefining \. on input line 89.
LaTeX Info: Redefining \% on input line 89.

Overfull \hbox (91.47423pt too wide) has occurred while \output is active
\T1/lmr/m/sl/12 CA-PÍ-TU-LO 12.  SE-MA-NA 12: TEO-RE-MA ER-GÓ-DI-CO DE BIRKHOF
F Y CA-RAC-TE-RI-ZA-CIÓN \T1/lmr/m/n/12 87
 []

[87]
LaTeX Info: Redefining \. on input line 117.
LaTeX Info: Redefining \% on input line 117.

Overfull \hbox (91.47423pt too wide) has occurred while \output is active
\T1/lmr/m/sl/12 CA-PÍ-TU-LO 12.  SE-MA-NA 12: TEO-RE-MA ER-GÓ-DI-CO DE BIRKHOF
F Y CA-RAC-TE-RI-ZA-CIÓN \T1/lmr/m/n/12 88
 []

[88]
Overfull \hbox (27.26807pt too wide) detected at line 125
[]
 []


Overfull \hbox (10.79128pt too wide) detected at line 127
\OML/cmm/m/it/12 E[] \OT1/cmr/m/n/12 = \OMS/cmsy/m/n/12 f\OML/cmm/m/it/12 x \OM
S/cmsy/m/n/12 2 \OML/cmm/m/it/12 M \OT1/cmr/m/n/12 : \OMS/cmsy/m/n/12 j\OML/cmm
/m/it/12 '\OT1/cmr/m/n/12 (\OML/cmm/m/it/12 x\OT1/cmr/m/n/12 )\OMS/cmsy/m/n/12 
j \OML/cmm/m/it/12 > K\OMS/cmsy/m/n/12 g  \OT1/cmr/m/n/12 =[]\OMS/cmsy/m/n/12 )  \OML/cmm/m/it/12 E[] \OMS/cmsy/m/n/12  \OML/cmm/m/it/12 E[] []  [] E[] \OT1/cmr/m/n/12 = \OMS/cmsy/m/n/12 f\OML/cmm/m/it/12 x \OMS/cmsy/m/n/12 2 \OML/cmm/m/it/12 M \OT1/cmr/m/n/12 : \OMS/cmsy/m/n/12 j\OML/cmm/m/it/12 '\OT1/cmr/m/n/12 (\OML/cmm/m/it/12 x\OT1/cmr/m/n/12 )\OMS/cmsy/m/n/12 j \OT1/cmr/m/n/12 = \OMS/cmsy/m/n/12 1g
 []

LaTeX Info: Redefining \. on input line 142.
LaTeX Info: Redefining \% on input line 142.

Overfull \hbox (91.47423pt too wide) has occurred while \output is active
\T1/lmr/m/sl/12 CA-PÍ-TU-LO 12.  SE-MA-NA 12: TEO-RE-MA ER-GÓ-DI-CO DE BIRKHOF
F Y CA-RAC-TE-RI-ZA-CIÓN \T1/lmr/m/n/12 89
 []

[89]
! Misplaced \cr.
\math@cr@@@ ->\cr 
                  
l.146 	\end{align}
                  
I can't figure out why you would want to use a tab mark
or \cr or \span just now. If something like a right brace
up above has ended a previous alignment prematurely,
you're probably due for more error messages, and you
might try typing `S' now just to see what is salvageable.

! Misplaced \noalign.
\math@cr@@ ... \iffalse }\fi \math@cr@@@ \noalign 
                                                  {\vskip #1\relax }
l.146 	\end{align}
                  
I expect to see \noalign only after the \cr of
an alignment. Proceed, and I'll ignore this case.

! Missing $ inserted.
<inserted text> 
                $
l.146 	\end{align}
                  
I've inserted a begin-math/end-math symbol since I think
you left one out. Proceed, with fingers crossed.

! Missing } inserted.
<inserted text> 
                }
l.146 	\end{align}
                  
I've inserted something that you may have forgotten.
(See the <inserted text> above.)
With luck, this will get me unwedged. But if you
really didn't forget anything, try typing `2' now; then
my insertion and my current dilemma will both disappear.

! Display math should end with $$.
<to be read again> 
                   \vskip 
l.146 	\end{align}
                  
The `$' that I just saw supposedly matches a previous `$$'.
So I shall assume that you typed `$$' both times.

! Extra }, or forgotten \endgroup.
\math@cr@@ ...th@cr@@@ \noalign {\vskip #1\relax }
                                                  
l.146 	\end{align}
                  
I've deleted a group-closing symbol because it seems to be
spurious, as in `$x}$'. But perhaps the } is legitimate and
you forgot something else, as in `\hbox{$x}'. In such cases
the way to recover is to insert both the forgotten and the
deleted material, e.g., by typing `I$}'.

! Misplaced \noalign.
\black@ #1->\noalign 
                     {\ifdim #1>\displaywidth \dimen@ \prevdepth \nointerlin...
l.146 	\end{align}
                  
I expect to see \noalign only after the \cr of
an alignment. Proceed, and I'll ignore this case.


Overfull \hbox (376.74559pt too wide) detected at line 146
[]
 []

! Extra }, or forgotten \endgroup.
\endalign ->\math@cr \black@ \totwidth@ \egroup 
                                                \ifingather@ \restorealignst...
l.146 	\end{align}
                  
I've deleted a group-closing symbol because it seems to be
spurious, as in `$x}$'. But perhaps the } is legitimate and
you forgot something else, as in `\hbox{$x}'. In such cases
the way to recover is to insert both the forgotten and the
deleted material, e.g., by typing `I$}'.


! LaTeX Error: \begin{equation} on input line 144 ended by \end{align}.

See the LaTeX manual or LaTeX Companion for explanation.
Type  H <return>  for immediate help.
 ...                                              
                                                  
l.146 	\end{align}
                  
Your command was ignored.
Type  I <command> <return>  to replace it with another command,
or  <return>  to continue without it.

! Missing $ inserted.
<inserted text> 
                $
l.146 	\end{align}
                  
I've inserted something that you may have forgotten.
(See the <inserted text> above.)
With luck, this will get me unwedged. But if you
really didn't forget anything, try typing `2' now; then
my insertion and my current dilemma will both disappear.

! Display math should end with $$.
<to be read again> 
                   \endgroup 
l.146 	\end{align}
                  
The `$' that I just saw supposedly matches a previous `$$'.
So I shall assume that you typed `$$' both times.

LaTeX Info: Redefining \. on input line 167.
LaTeX Info: Redefining \% on input line 167.

Overfull \hbox (91.47423pt too wide) has occurred while \output is active
\T1/lmr/m/sl/12 CA-PÍ-TU-LO 12.  SE-MA-NA 12: TEO-RE-MA ER-GÓ-DI-CO DE BIRKHOF
F Y CA-RAC-TE-RI-ZA-CIÓN \T1/lmr/m/n/12 90
 []

[90]) (./Semana13.tex
LaTeX Info: Redefining \. on input line 5.
LaTeX Info: Redefining \% on input line 5.

Overfull \hbox (91.47423pt too wide) has occurred while \output is active
\T1/lmr/m/sl/12 CA-PÍ-TU-LO 12.  SE-MA-NA 12: TEO-RE-MA ER-GÓ-DI-CO DE BIRKHOF
F Y CA-RAC-TE-RI-ZA-CIÓN \T1/lmr/m/n/12 91
 []

[91]
Capítulo 13.

Overfull \hbox (4.21112pt too wide) detected at line 18
[] \OML/cmm/m/it/12 \OT1/cmr/m/n/12 (\OML/cmm/m/it/12 f[]\OT1/cmr/m/n/12 (\OML
/cmm/m/it/12 E\OT1/cmr/m/n/12 ) \OMS/cmsy/m/n/12 \ \OML/cmm/m/it/12 E\OT1/cmr/m
/n/12 ) = \OML/cmm/m/it/12 \OT1/cmr/m/n/12 (\OML/cmm/m/it/12 E\OT1/cmr/m/n/12 
)\OML/cmm/m/it/12 \OT1/cmr/m/n/12 (\OML/cmm/m/it/12 E\OT1/cmr/m/n/12 )  =[]\OM
S/cmsy/m/n/12 )  [] \OML/cmm/m/it/12 \OT1/cmr/m/n/12 (\OML/cmm/m/it/12 E \OMS/
cmsy/m/n/12 \ \OML/cmm/m/it/12 E\OT1/cmr/m/n/12 ) = (\OML/cmm/m/it/12 \OT1/cmr
/m/n/12 (\OML/cmm/m/it/12 E\OT1/cmr/m/n/12 ))[]  =[]\OMS/cmsy/m/n/12 )  \OML/cm
m/m/it/12 \OT1/cmr/m/n/12 (\OML/cmm/m/it/12 E\OT1/cmr/m/n/12 ) = (\OML/cmm/m/i
t/12 \OT1/cmr/m/n/12 (\OML/cmm/m/it/12 E\OT1/cmr/m/n/12 ))[]
 []

[92

]
Overfull \hbox (33.66484pt too wide) detected at line 48
[] [][]\OT1/cmr/m/n/12 (\OML/cmm/m/it/12 ' \OMS/cmsy/m/n/12  \OML/cmm/m/it/12 
f[]\OT1/cmr/m/n/12 )\OML/cmm/m/it/12  d \OT1/cmr/m/n/12 = [] [] \OML/cmm/m/it
/12 ;  \OMS/cmsy/m/n/12 8\OML/cmm/m/it/12 ' \OMS/cmsy/m/n/12 2 L[]\OT1/cmr/m/n/
12 (\OML/cmm/m/it/12 M; \OMS/cmsy/m/n/12 B\OML/cmm/m/it/12 ; \OT1/cmr/m/n/12 )[]\OMS/cmsy/m/n/12 8\OML/cmm/m/it/12  \OMS/cmsy/m/n/12 2 L[]\OT1/cmr/m/n/12 (\OML/cmm/m/it/12 M; \OMS/cmsy/m/n/12 B\OML/cmm/m/it/12 ; \OT1/cmr/m/n/12 )
 []


Overfull \hbox (21.78754pt too wide) detected at line 68
[][][][] \OML/cmm/m/it/12 \OT1/cmr/m/n/12 (\OML/cmm/m/it/12 f[]\OT1/cmr/m/n/12
 (\OML/cmm/m/it/12 A\OT1/cmr/m/n/12 ) \OMS/cmsy/m/n/12 \ \OML/cmm/m/it/12 B\OT1
/cmr/m/n/12 ) = \OML/cmm/m/it/12 \OT1/cmr/m/n/12 (\OML/cmm/m/it/12 A\OT1/cmr/m
/n/12 )\OML/cmm/m/it/12 \OT1/cmr/m/n/12 (\OML/cmm/m/it/12 B\OT1/cmr/m/n/12 ) =[]\OMS/cmsy/m/n/12 ) [] [][]\OT1/cmr/m/n/12 (\OML/cmm/m/it/12 [] \OMS/cmsy/m/n/12  \OML/cmm/m/it/12 f[]\OT1/cmr/m/n/12 )\OML/cmm/m/it/12 [] d \OT1/cmr/m/n/12 = [] []
 []

LaTeX Info: Redefining \. on input line 68.
LaTeX Info: Redefining \% on input line 68.
[93]
Overfull \hbox (70.79216pt too wide) detected at line 96
[]
 []

LaTeX Info: Redefining \. on input line 98.
LaTeX Info: Redefining \% on input line 98.
[94]
Overfull \hbox (17.85188pt too wide) detected at line 110
[]
 []


Overfull \hbox (4.65443pt too wide) detected at line 123
[]
 []


Overfull \hbox (5.70226pt too wide) detected at line 128
[]
 []

LaTeX Info: Redefining \. on input line 144.
LaTeX Info: Redefining \% on input line 144.
[95]) (./Semana14.tex
LaTeX Info: Redefining \. on input line 5.
LaTeX Info: Redefining \% on input line 5.
 [96]
Capítulo 14.
[97

]
Overfull \hbox (31.23326pt too wide) detected at line 62
[]\OT1/cmr/m/n/12 (\OML/cmm/m/it/12 \OT1/cmr/m/n/12 ) = \OML/cmm/m/it/12 V[]; 
 []V[]U \OMS/cmsy/m/n/12  \OML/cmm/m/it/12 M[]\OT1/cmr/m/n/12 (\OML/cmm/m/it/
12 U\OT1/cmr/m/n/12 ) = 0
 []

LaTeX Info: Redefining \. on input line 64.
LaTeX Info: Redefining \% on input line 64.

Overfull \hbox (74.82341pt too wide) has occurred while \output is active
\T1/lmr/m/sl/12 CA-PÍ-TU-LO 14.  SE-MA-NA 14: CO-NE-XIÓN EN-TRE DI-NÁ-MI-CA 
MÉ-TRI-CA Y TO-PO-LÓ-GI-CA \T1/lmr/m/n/12 98
 []

[98]
LaTeX Info: Redefining \. on input line 92.
LaTeX Info: Redefining \% on input line 92.

Overfull \hbox (74.82341pt too wide) has occurred while \output is active
\T1/lmr/m/sl/12 CA-PÍ-TU-LO 14.  SE-MA-NA 14: CO-NE-XIÓN EN-TRE DI-NÁ-MI-CA 
MÉ-TRI-CA Y TO-PO-LÓ-GI-CA \T1/lmr/m/n/12 99
 []

[99]
LaTeX Info: Redefining \. on input line 119.
LaTeX Info: Redefining \% on input line 119.

Overfull \hbox (80.6984pt too wide) has occurred while \output is active
\T1/lmr/m/sl/12 CA-PÍ-TU-LO 14.  SE-MA-NA 14: CO-NE-XIÓN EN-TRE DI-NÁ-MI-CA 
MÉ-TRI-CA Y TO-PO-LÓ-GI-CA \T1/lmr/m/n/12 100
 []

[100]
LaTeX Info: Redefining \. on input line 143.
LaTeX Info: Redefining \% on input line 143.

Overfull \hbox (80.6984pt too wide) has occurred while \output is active
\T1/lmr/m/sl/12 CA-PÍ-TU-LO 14.  SE-MA-NA 14: CO-NE-XIÓN EN-TRE DI-NÁ-MI-CA 
MÉ-TRI-CA Y TO-PO-LÓ-GI-CA \T1/lmr/m/n/12 101
 []

[101]
LaTeX Info: Redefining \. on input line 169.
LaTeX Info: Redefining \% on input line 169.

Overfull \hbox (80.6984pt too wide) has occurred while \output is active
\T1/lmr/m/sl/12 CA-PÍ-TU-LO 14.  SE-MA-NA 14: CO-NE-XIÓN EN-TRE DI-NÁ-MI-CA 
MÉ-TRI-CA Y TO-PO-LÓ-GI-CA \T1/lmr/m/n/12 102
 []

[102])
LaTeX Info: Redefining \. on input line 85.
LaTeX Info: Redefining \% on input line 85.

Overfull \hbox (80.6984pt too wide) has occurred while \output is active
\T1/lmr/m/sl/12 CA-PÍ-TU-LO 14.  SE-MA-NA 14: CO-NE-XIÓN EN-TRE DI-NÁ-MI-CA 
MÉ-TRI-CA Y TO-PO-LÓ-GI-CA \T1/lmr/m/n/12 103
 []

[103] (./main.aux
LaTeX Info: Redefining \. on input line 7.
LaTeX Info: Redefining \% on input line 7.
)
 ***********
LaTeX2e <2026-06-01>
L3 programming layer <2026-06-18>
 ***********


LaTeX Font Warning: Some font shapes were not available, defaults substituted.

Package rerunfilecheck Info: File `main.out' has not changed.
(rerunfilecheck)             Checksum: BCC688A4CFF39D2C0991D40CF431EAD1;17334.
)

Here is how much of LuaTeX's memory you used:
 28212 strings out of 475704
 125129,1144653 words of node,token memory allocated
 2614 words of node memory still in use:
   7 hlist, 2 vlist, 2 rule, 2 glue, 4 kern, 1 glyph, 707 attribute, 56 glue_spe
c, 354 attribute_list, 2 write nodes
   avail lists: 1:2,2:6680,3:2469,4:338,5:677,6:112,7:7948,8:112,9:1379,10:29,11
:820
 49803 multiletter control sequences out of 65536+600000
 105 fonts using 6799215 bytes
 102i,20n,101p,656b,1000s stack positions out of 10000i,1000n,20000p,200000b,200000s
{C:/Users/Matiu/AppData/Local/Programs/MiKTeX/fonts/enc/dvips/lm/lm-ec.enc}<C:/U
sers/Matiu/AppData/Local/Programs/MiKTeX/fonts/type1/public/amsfonts/cm/cmex10.p
fb><C:/Users/Matiu/AppData/Local/Programs/MiKTeX/fonts/type1/public/amsfonts/cme
xtra/cmex8.pfb><C:/Users/Matiu/AppData/Local/Programs/MiKTeX/fonts/type1/public/
amsfonts/cm/cmmi10.pfb><C:/Users/Matiu/AppData/Local/Programs/MiKTeX/fonts/type1
/public/amsfonts/cm/cmmi12.pfb><C:/Users/Matiu/AppData/Local/Programs/MiKTeX/fon
ts/type1/public/amsfonts/cm/cmmi6.pfb><C:/Users/Matiu/AppData/Local/Programs/MiK
TeX/fonts/type1/public/amsfonts/cm/cmmi8.pfb><C:/Users/Matiu/AppData/Local/Progr
ams/MiKTeX/fonts/type1/public/amsfonts/cm/cmr10.pfb><C:/Users/Matiu/AppData/Loca
l/Programs/MiKTeX/fonts/type1/public/amsfonts/cm/cmr12.pfb><C:/Users/Matiu/AppDa
ta/Local/Programs/MiKTeX/fonts/type1/public/amsfonts/cm/cmr17.pfb><C:/Users/Mati
u/AppData/Local/Programs/MiKTeX/fonts/type1/public/amsfonts/cm/cmr6.pfb><C:/User
s/Matiu/AppData/Local/Programs/MiKTeX/fonts/type1/public/amsfonts/cm/cmr7.pfb><C
:/Users/Matiu/AppData/Local/Programs/MiKTeX/fonts/type1/public/amsfonts/cm/cmr8.
pfb><C:/Users/Matiu/AppData/Local/Programs/MiKTeX/fonts/type1/public/amsfonts/cm
/cmsy10.pfb><C:/Users/Matiu/AppData/Local/Programs/MiKTeX/fonts/type1/public/ams
fonts/cm/cmsy6.pfb><C:/Users/Matiu/AppData/Local/Programs/MiKTeX/fonts/type1/pub
lic/amsfonts/cm/cmsy7.pfb><C:/Users/Matiu/AppData/Local/Programs/MiKTeX/fonts/ty
pe1/public/amsfonts/cm/cmsy8.pfb><C:/Users/Matiu/AppData/Local/Programs/MiKTeX/f
onts/type1/public/lm/lmbx12.pfb><C:/Users/Matiu/AppData/Local/Programs/MiKTeX/fo
nts/type1/public/lm/lmbx8.pfb><C:/Users/Matiu/AppData/Local/Programs/MiKTeX/font
s/type1/public/lm/lmbxi10.pfb><C:/Users/Matiu/AppData/Local/Programs/MiKTeX/font
s/type1/public/lm/lmcsc10.pfb><C:/Users/Matiu/AppData/Local/Programs/MiKTeX/font
s/type1/public/lm/lmcsco10.pfb><C:/Users/Matiu/AppData/Local/Programs/MiKTeX/fon
ts/type1/public/lm/lmr10.pfb><C:/Users/Matiu/AppData/Local/Programs/MiKTeX/fonts
/type1/public/lm/lmr12.pfb><C:/Users/Matiu/AppData/Local/Programs/MiKTeX/fonts/t
ype1/public/lm/lmr17.pfb><C:/Users/Matiu/AppData/Local/Programs/MiKTeX/fonts/typ
e1/public/lm/lmr8.pfb><C:/Users/Matiu/AppData/Local/Programs/MiKTeX/fonts/type1/
public/lm/lmri12.pfb><C:/Users/Matiu/AppData/Local/Programs/MiKTeX/fonts/type1/p
ublic/lm/lmro12.pfb><C:/Users/Matiu/AppData/Local/Programs/MiKTeX/fonts/type1/pu
blic/lm/lmtt12.pfb><C:/Users/Matiu/AppData/Local/Programs/MiKTeX/fonts/type1/pub
lic/amsfonts/symbols/msam10.pfb><C:/Users/Matiu/AppData/Local/Programs/MiKTeX/fo
nts/type1/public/amsfonts/symbols/msbm10.pfb>
Output written on main.pdf (107 pages, 1205412 bytes).

PDF statistics: 1348 PDF objects out of 1440 (max. 8388607)
 532 named destinations out of 1000 (max. 1048576)
 552 words of extra memory for PDF output out of 10000 (max. 100000000)

